Component: ARM Compiler 5.06 update 5 (build 528) Tool: armlink [4d35e2]

==============================================================================

Section Cross References

    startup_stm32f407xx.o(RESET) refers to startup_stm32f407xx.o(STACK) for __initial_sp
    startup_stm32f407xx.o(RESET) refers to startup_stm32f407xx.o(.text) for Reset_Handler
    startup_stm32f407xx.o(RESET) refers to stm32f4xx_it.o(i.NMI_Handler) for NMI_Handler
    startup_stm32f407xx.o(RESET) refers to stm32f4xx_it.o(i.HardFault_Handler) for HardFault_Handler
    startup_stm32f407xx.o(RESET) refers to stm32f4xx_it.o(i.MemManage_Handler) for MemManage_Handler
    startup_stm32f407xx.o(RESET) refers to stm32f4xx_it.o(i.BusFault_Handler) for BusFault_Handler
    startup_stm32f407xx.o(RESET) refers to stm32f4xx_it.o(i.UsageFault_Handler) for UsageFault_Handler
    startup_stm32f407xx.o(RESET) refers to port.o(.emb_text) for SVC_Handler
    startup_stm32f407xx.o(RESET) refers to stm32f4xx_it.o(i.DebugMon_Handler) for DebugMon_Handler
    startup_stm32f407xx.o(RESET) refers to cmsis_os2.o(i.SysTick_Handler) for SysTick_Handler
    startup_stm32f407xx.o(RESET) refers to stm32f4xx_it.o(i.EXTI2_IRQHandler) for EXTI2_IRQHandler
    startup_stm32f407xx.o(RESET) refers to stm32f4xx_it.o(i.TIM2_IRQHandler) for TIM2_IRQHandler
    startup_stm32f407xx.o(RESET) refers to stm32f4xx_it.o(i.TIM6_DAC_IRQHandler) for TIM6_DAC_IRQHandler
    startup_stm32f407xx.o(.text) refers to system_stm32f4xx.o(i.SystemInit) for SystemInit
    startup_stm32f407xx.o(.text) refers to entry.o(.ARM.Collect$$$$00000000) for __main
    main.o(i.HAL_GPIO_EXTI_Callback) refers to inv_mpu.o(i.mpu_mpl_get_data) for mpu_mpl_get_data
    main.o(i.HAL_GPIO_EXTI_Callback) refers to f2d.o(.text) for __aeabi_f2d
    main.o(i.HAL_GPIO_EXTI_Callback) refers to printfa.o(i.__0printf) for __2printf
    main.o(i.HAL_GPIO_EXTI_Callback) refers to main.o(.data) for .data
    main.o(i.HAL_GPIO_EXTI_Callback) refers to mpu9250.o(.data) for Yaw_9AX
    main.o(i.HAL_GPIO_EXTI_Callback) refers to mpu9250.o(.data) for Roll_9AX
    main.o(i.HAL_GPIO_EXTI_Callback) refers to mpu9250.o(.data) for Pitch_9AX
    main.o(i.HAL_TIM_PeriodElapsedCallback) refers to bmi08a.o(i.bmi08a_get_data) for bmi08a_get_data
    main.o(i.HAL_TIM_PeriodElapsedCallback) refers to imu.o(i.ACC_XYZ_Window_Filter) for ACC_XYZ_Window_Filter
    main.o(i.HAL_TIM_PeriodElapsedCallback) refers to bmi08g.o(i.bmi08g_get_data) for bmi08g_get_data
    main.o(i.HAL_TIM_PeriodElapsedCallback) refers to f2d.o(.text) for __aeabi_f2d
    main.o(i.HAL_TIM_PeriodElapsedCallback) refers to dmul.o(.text) for __aeabi_dmul
    main.o(i.HAL_TIM_PeriodElapsedCallback) refers to ddiv.o(.text) for __aeabi_ddiv
    main.o(i.HAL_TIM_PeriodElapsedCallback) refers to d2f.o(.text) for __aeabi_d2f
    main.o(i.HAL_TIM_PeriodElapsedCallback) refers to imu.o(i.Single_Window_Filter) for Single_Window_Filter
    main.o(i.HAL_TIM_PeriodElapsedCallback) refers to imu.o(i.LPF2_Calculate) for LPF2_Calculate
    main.o(i.HAL_TIM_PeriodElapsedCallback) refers to fabs.o(i.__hardfp_fabs) for __hardfp_fabs
    main.o(i.HAL_TIM_PeriodElapsedCallback) refers to cdcmple.o(.text) for __aeabi_cdcmple
    main.o(i.HAL_TIM_PeriodElapsedCallback) refers to dadd.o(.text) for __aeabi_dadd
    main.o(i.HAL_TIM_PeriodElapsedCallback) refers to printfa.o(i.__0printf) for __2printf
    main.o(i.HAL_TIM_PeriodElapsedCallback) refers to stm32f4xx_hal.o(i.HAL_IncTick) for HAL_IncTick
    main.o(i.HAL_TIM_PeriodElapsedCallback) refers to tim.o(.bss) for htim2
    main.o(i.HAL_TIM_PeriodElapsedCallback) refers to main.o(.data) for .data
    main.o(i.HAL_TIM_PeriodElapsedCallback) refers to imu.o(.data) for gyro_z1
    main.o(i.HAL_TIM_PeriodElapsedCallback) refers to sensor.o(.data) for dev
    main.o(i.HAL_TIM_PeriodElapsedCallback) refers to sensor.o(.data) for user_accel_bmi088
    main.o(i.HAL_TIM_PeriodElapsedCallback) refers to main.o(.bss) for .bss
    main.o(i.HAL_TIM_PeriodElapsedCallback) refers to sensor.o(.data) for user_gyro_bmi088
    main.o(i.HAL_TIM_PeriodElapsedCallback) refers to imu.o(.data) for gyro_x
    main.o(i.HAL_TIM_PeriodElapsedCallback) refers to imu.o(.data) for gyro_y
    main.o(i.HAL_TIM_PeriodElapsedCallback) refers to imu.o(.data) for gyro_z
    main.o(i.HAL_TIM_PeriodElapsedCallback) refers to imu.o(.data) for Yaw
    main.o(i.HAL_TIM_PeriodElapsedCallback) refers to imu.o(.data) for Roll
    main.o(i.SystemClock_Config) refers to memseta.o(.text) for __aeabi_memclr4
    main.o(i.SystemClock_Config) refers to stm32f4xx_hal_rcc.o(i.HAL_RCC_OscConfig) for HAL_RCC_OscConfig
    main.o(i.SystemClock_Config) refers to stm32f4xx_hal_rcc.o(i.HAL_RCC_ClockConfig) for HAL_RCC_ClockConfig
    main.o(i.main) refers to stm32f4xx_hal.o(i.HAL_Init) for HAL_Init
    main.o(i.main) refers to main.o(i.SystemClock_Config) for SystemClock_Config
    main.o(i.main) refers to gpio.o(i.MX_GPIO_Init) for MX_GPIO_Init
[...]
    inv_set_accel_sample_rate                0x0800e041   Thumb Code    34  data_builder.o(i.inv_set_accel_sample_rate)
    inv_set_compass_bias                     0x0800e06d   Thumb Code    68  data_builder.o(i.inv_set_compass_bias)
    inv_set_compass_bias_error               0x0800e0b5   Thumb Code    10  results_holder.o(i.inv_set_compass_bias_error)
    inv_set_compass_bias_found               0x0800e0c5   Thumb Code     6  results_holder.o(i.inv_set_compass_bias_found)
    inv_set_compass_correction               0x0800e0d1   Thumb Code    28  results_holder.o(i.inv_set_compass_correction)
    inv_set_compass_disturbance              0x0800e0f1   Thumb Code     8  data_builder.o(i.inv_set_compass_disturbance)
    inv_set_compass_orientation_and_scale    0x0800e0fd   Thumb Code    12  data_builder.o(i.inv_set_compass_orientation_and_scale)
    inv_set_compass_sample_rate              0x0800e10d   Thumb Code    34  data_builder.o(i.inv_set_compass_sample_rate)
    inv_set_compass_soft_iron_input_data     0x0800e139   Thumb Code    72  data_builder.o(i.inv_set_compass_soft_iron_input_data)
    inv_set_compass_state                    0x0800e189   Thumb Code     6  results_holder.o(i.inv_set_compass_state)
    inv_set_gyro_bias                        0x0800e215   Thumb Code    88  data_builder.o(i.inv_set_gyro_bias)
    inv_set_gyro_orientation_and_scale       0x0800e271   Thumb Code     8  data_builder.o(i.inv_set_gyro_orientation_and_scale)
    inv_set_gyro_sample_rate                 0x0800e27d   Thumb Code    30  data_builder.o(i.inv_set_gyro_sample_rate)
    inv_set_message                          0x0800e2a5   Thumb Code    16  message_layer.o(i.inv_set_message)
    inv_set_motion_state                     0x0800e2b9   Thumb Code    48  results_holder.o(i.inv_set_motion_state)
    inv_start_mpl                            0x0800e2fd   Thumb Code    34  mpl.o(i.inv_start_mpl)
    inv_start_results_holder                 0x0800e339   Thumb Code    18  results_holder.o(i.inv_start_results_holder)
    inv_store_gaming_quaternion              0x0800e351   Thumb Code    28  results_holder.o(i.inv_store_gaming_quaternion)
    inv_unregister_data_cb                   0x0800e371   Thumb Code    72  data_builder.o(i.inv_unregister_data_cb)
    inv_unregister_mpl_start_notification    0x0800e3bd   Thumb Code    68  start_manager.o(i.inv_unregister_mpl_start_notification)
    main                                     0x0800e405   Thumb Code    92  main.o(i.main)
    malloc                                   0x0800e491   Thumb Code    92  malloc.o(i.malloc)
    mget_ms                                  0x0800e4fd   Thumb Code     2  inv_mpu.o(i.mget_ms)
    mlMatrixVectorMult                       0x0800e4ff   Thumb Code    50  ml_math_func.o(i.mlMatrixVectorMult)
    mpu_configure_fifo                       0x0800e531   Thumb Code    78  inv_mpu.o(i.mpu_configure_fifo)
    mpu_dmp_init                             0x0800e585   Thumb Code   326  inv_mpu.o(i.mpu_dmp_init)
    mpu_get_accel_fsr                        0x0800e6d5   Thumb Code    54  inv_mpu.o(i.mpu_get_accel_fsr)
    mpu_get_compass_reg                      0x0800e711   Thumb Code   124  inv_mpu.o(i.mpu_get_compass_reg)
    mpu_get_gyro_fsr                         0x0800e791   Thumb Code    48  inv_mpu.o(i.mpu_get_gyro_fsr)
    mpu_get_sample_rate                      0x0800e7c5   Thumb Code    22  inv_mpu.o(i.mpu_get_sample_rate)
    mpu_get_temperature                      0x0800e7e1   Thumb Code   112  inv_mpu.o(i.mpu_get_temperature)
    mpu_init                                 0x0800e85d   Thumb Code   212  inv_mpu.o(i.mpu_init)
    mpu_load_firmware                        0x0800e935   Thumb Code   154  inv_mpu.o(i.mpu_load_firmware)
    mpu_lp_accel_mode                        0x0800e9d5   Thumb Code   180  inv_mpu.o(i.mpu_lp_accel_mode)
    mpu_mpl_get_data                         0x0800ea8d   Thumb Code   224  inv_mpu.o(i.mpu_mpl_get_data)
    mpu_read_fifo_stream                     0x0800eb75   Thumb Code   140  inv_mpu.o(i.mpu_read_fifo_stream)
    mpu_read_mem                             0x0800ec05   Thumb Code    80  inv_mpu.o(i.mpu_read_mem)
    mpu_reset_fifo                           0x0800ec59   Thumb Code   346  inv_mpu.o(i.mpu_reset_fifo)
    mpu_set_accel_fsr                        0x0800edb9   Thumb Code    98  inv_mpu.o(i.mpu_set_accel_fsr)
    mpu_set_bypass                           0x0800ee21   Thumb Code   214  inv_mpu.o(i.mpu_set_bypass)
    mpu_set_compass_sample_rate              0x0800eefd   Thumb Code    72  inv_mpu.o(i.mpu_set_compass_sample_rate)
    mpu_set_dmp_state                        0x0800ef49   Thumb Code   114  inv_mpu.o(i.mpu_set_dmp_state)
    mpu_set_gyro_fsr                         0x0800efc1   Thumb Code   104  inv_mpu.o(i.mpu_set_gyro_fsr)
    mpu_set_int_latched                      0x0800f02d   Thumb Code    94  inv_mpu.o(i.mpu_set_int_latched)
    mpu_set_lpf                              0x0800f091   Thumb Code   102  inv_mpu.o(i.mpu_set_lpf)
    mpu_set_sample_rate                      0x0800f0fd   Thumb Code   138  inv_mpu.o(i.mpu_set_sample_rate)
    mpu_set_sensors                          0x0800f18d   Thumb Code   304  inv_mpu.o(i.mpu_set_sensors)
    mpu_write_mem                            0x0800f2c1   Thumb Code    80  inv_mpu.o(i.mpu_write_mem)
    osDelay                                  0x0800f345   Thumb Code    26  cmsis_os2.o(i.osDelay)
    osKernelInitialize                       0x0800f361   Thumb Code    32  cmsis_os2.o(i.osKernelInitialize)
    osKernelStart                            0x0800f385   Thumb Code    48  cmsis_os2.o(i.osKernelStart)
    osMutexNew                               0x0800f3bd   Thumb Code   104  cmsis_os2.o(i.osMutexNew)
    osThreadNew                              0x0800f425   Thumb Code   138  cmsis_os2.o(i.osThreadNew)
    pvPortMalloc                             0x0800fc5d   Thumb Code   216  heap_4.o(i.pvPortMalloc)
    pvTaskIncrementMutexHeldCount            0x0800fd39   Thumb Code    18  tasks.o(i.pvTaskIncrementMutexHeldCount)
    pxPortInitialiseStack                    0x0800fd51   Thumb Code    40  port.o(i.pxPortInitialiseStack)
    sqrtf                                    0x0800fff5   Thumb Code    62  sqrtf.o(i.sqrtf)
    stm32_i2c_read                           0x08010035   Thumb Code    26  i2c.o(i.stm32_i2c_read)
    stm32_i2c_write                          0x08010055   Thumb Code    36  i2c.o(i.stm32_i2c_write)
    taskLED_Toggle                           0x0801007d   Thumb Code    18  freertos.o(i.taskLED_Toggle)
    taskTOF_X                                0x08010095   Thumb Code    66  freertos.o(i.taskTOF_X)
    taskTOF_Y                                0x08010129   Thumb Code    70  freertos.o(i.taskTOF_Y)
    taskTOF_Z                                0x080101c1   Thumb Code    70  freertos.o(i.taskTOF_Z)
    taskUSART_Print                          0x08010259   Thumb Code    26  freertos.o(i.taskUSART_Print)
    uxListRemove                             0x08010285   Thumb Code    38  list.o(i.uxListRemove)
    vApplicationGetIdleTaskMemory            0x080102ad   Thumb Code    16  cmsis_os2.o(i.vApplicationGetIdleTaskMemory)
    vApplicationGetTimerTaskMemory           0x080102c1   Thumb Code    18  cmsis_os2.o(i.vApplicationGetTimerTaskMemory)
    vListInitialise                          0x080102d9   Thumb Code    22  list.o(i.vListInitialise)
    vListInitialiseItem                      0x080102ef   Thumb Code     6  list.o(i.vListInitialiseItem)
    vListInsert                              0x080102f5   Thumb Code    48  list.o(i.vListInsert)
    vListInsertEnd                           0x08010325   Thumb Code    24  list.o(i.vListInsertEnd)
    vPortEnterCritical                       0x0801033d   Thumb Code    54  port.o(i.vPortEnterCritical)
    vPortExitCritical                        0x0801037d   Thumb Code    34  port.o(i.vPortExitCritical)
    vPortFree                                0x080103a5   Thumb Code    94  heap_4.o(i.vPortFree)
    vPortSetupTimerInterrupt                 0x08010409   Thumb Code    32  port.o(i.vPortSetupTimerInterrupt)
    vPortValidateInterruptPriority           0x0801042d   Thumb Code    74  port.o(i.vPortValidateInterruptPriority)
    vQueueAddToRegistry                      0x08010481   Thumb Code    34  queue.o(i.vQueueAddToRegistry)
    vQueueWaitForMessageRestricted           0x080104a9   Thumb Code    68  queue.o(i.vQueueWaitForMessageRestricted)
    vTaskDelay                               0x080104ed   Thumb Code    66  tasks.o(i.vTaskDelay)
    vTaskInternalSetTimeOutState             0x08010539   Thumb Code    12  tasks.o(i.vTaskInternalSetTimeOutState)
    vTaskMissedYield                         0x08010549   Thumb Code     8  tasks.o(i.vTaskMissedYield)
    vTaskPlaceOnEventList                    0x08010555   Thumb Code    44  tasks.o(i.vTaskPlaceOnEventList)
    vTaskPlaceOnEventListRestricted          0x08010585   Thumb Code    52  tasks.o(i.vTaskPlaceOnEventListRestricted)
    vTaskPriorityDisinheritAfterTimeout      0x080105bd   Thumb Code   134  tasks.o(i.vTaskPriorityDisinheritAfterTimeout)
    vTaskStartScheduler                      0x0801064d   Thumb Code   118  tasks.o(i.vTaskStartScheduler)
    vTaskSuspendAll                          0x080106d5   Thumb Code    10  tasks.o(i.vTaskSuspendAll)
    vTaskSwitchContext                       0x080106e5   Thumb Code    90  tasks.o(i.vTaskSwitchContext)
    vl53l0x_start_single_test                0x08010749   Thumb Code    52  vl53l0x_gen.o(i.vl53l0x_start_single_test)
    xPortStartScheduler                      0x08010781   Thumb Code   222  port.o(i.xPortStartScheduler)
    xPortSysTickHandler                      0x08010875   Thumb Code    38  port.o(i.xPortSysTickHandler)
    xQueueCreateMutex                        0x080108a1   Thumb Code    22  queue.o(i.xQueueCreateMutex)
    xQueueCreateMutexStatic                  0x080108b7   Thumb Code    26  queue.o(i.xQueueCreateMutexStatic)
    xQueueGenericCreate                      0x080108d1   Thumb Code    66  queue.o(i.xQueueGenericCreate)
    xQueueGenericCreateStatic                0x08010913   Thumb Code   102  queue.o(i.xQueueGenericCreateStatic)
    xQueueGenericReset                       0x08010979   Thumb Code   132  queue.o(i.xQueueGenericReset)
    xQueueGenericSend                        0x08010a01   Thumb Code   346  queue.o(i.xQueueGenericSend)
    xQueueGenericSendFromISR                 0x08010b61   Thumb Code   190  queue.o(i.xQueueGenericSendFromISR)
    xQueueReceive                            0x08010c21   Thumb Code   308  queue.o(i.xQueueReceive)
    xQueueSemaphoreTake                      0x08010d59   Thumb Code   372  queue.o(i.xQueueSemaphoreTake)
    xTaskCheckForTimeOut                     0x08010ed1   Thumb Code   112  tasks.o(i.xTaskCheckForTimeOut)
    xTaskCreate                              0x08010f45   Thumb Code    90  tasks.o(i.xTaskCreate)
    xTaskCreateStatic                        0x08010f9f   Thumb Code    86  tasks.o(i.xTaskCreateStatic)
    xTaskGetSchedulerState                   0x08010ff5   Thumb Code    22  tasks.o(i.xTaskGetSchedulerState)
    xTaskGetTickCount                        0x08011011   Thumb Code     6  tasks.o(i.xTaskGetTickCount)
    xTaskIncrementTick                       0x0801101d   Thumb Code   192  tasks.o(i.xTaskIncrementTick)
    xTaskPriorityDisinherit                  0x080110e5   Thumb Code   118  tasks.o(i.xTaskPriorityDisinherit)
    xTaskPriorityInherit                     0x08011165   Thumb Code   112  tasks.o(i.xTaskPriorityInherit)
    xTaskRemoveFromEventList                 0x080111dd   Thumb Code    98  tasks.o(i.xTaskRemoveFromEventList)
    xTaskResumeAll                           0x0801124d   Thumb Code   182  tasks.o(i.xTaskResumeAll)
    xTimerCreateTimerTask                    0x08011311   Thumb Code    78  timers.o(i.xTimerCreateTimerTask)
    xTimerGenericCommand                     0x08011371   Thumb Code    98  timers.o(i.xTimerGenericCommand)
    Task_TOF_X_attributes                    0x080113d8   Data          36  freertos.o(.constdata)
    Task_TOF_Y_attributes                    0x080113fc   Data          36  freertos.o(.constdata)
    Task_TOF_Z_attributes                    0x08011420   Data          36  freertos.o(.constdata)
    Task_USART_Prin_attributes               0x08011444   Data          36  freertos.o(.constdata)
    Task_LED_Toggle_attributes               0x08011468   Data          36  freertos.o(.constdata)
    I2C_Mutex_attributes                     0x0801148c   Data          16  freertos.o(.constdata)
    AHBPrescTable                            0x0801149c   Data          16  system_stm32f4xx.o(.constdata)
    APBPrescTable                            0x080114ac   Data           8  system_stm32f4xx.o(.constdata)
    reg                                      0x080114b4   Data          42  inv_mpu.o(.constdata)
    hw                                       0x080114de   Data          14  inv_mpu.o(.constdata)
    test                                     0x080114ec   Data          48  inv_mpu.o(.constdata)
    ml_ver                                   0x08012112   Data          20  mpl.o(.constdata)
    __mathlib_zero                           0x080121b0   Data           8  qnan.o(.constdata)
    Region$$Table$$Base                      0x080123c8   Number         0  anon$$obj.o(Region$$Table)
    Region$$Table$$Limit                     0x080123e8   Number         0  anon$$obj.o(Region$$Table)
    Task_TOF_XHandle                         0x20000028   Data           4  freertos.o(.data)
    Task_TOF_YHandle                         0x2000002c   Data           4  freertos.o(.data)
    Task_TOF_ZHandle                         0x20000030   Data           4  freertos.o(.data)
    Task_USART_PrinHandle                    0x20000034   Data           4  freertos.o(.data)
    Task_LED_ToggleHandle                    0x20000038   Data           4  freertos.o(.data)
    I2C_MutexHandle                          0x2000003c   Data           4  freertos.o(.data)
    uwTickFreq                               0x20000040   Data           1  stm32f4xx_hal.o(.data)
    uwTickPrio                               0x20000044   Data           4  stm32f4xx_hal.o(.data)
    uwTick                                   0x20000048   Data           4  stm32f4xx_hal.o(.data)
    SystemCoreClock                          0x2000004c   Data           4  system_stm32f4xx.o(.data)
    pxCurrentTCB                             0x20000050   Data           4  tasks.o(.data)
    DefaultTuningSettings                    0x200000d8   Data         243  vl53l0x_api.o(.data)
    InterruptThresholdSettings               0x200001cb   Data         438  vl53l0x_api.o(.data)
    Distance_data                            0x20000382   Data           6  vl53l0x_gen.o(.data)
    mpl_key                                  0x20000388   Data           4  inv_mpu.o(.data)
    Pitch_9AX                                0x200003dc   Data           4  mpu9250.o(.data)
    Roll_9AX                                 0x200003e0   Data           4  mpu9250.o(.data)
    Yaw_9AX                                  0x200003e4   Data           4  mpu9250.o(.data)
    Kp                                       0x200003e8   Data           4  imu.o(.data)
    Ki                                       0x200003ec   Data           4  imu.o(.data)
    Pitch                                    0x20000400   Data           4  imu.o(.data)
    Roll                                     0x20000404   Data           4  imu.o(.data)
    quart                                    0x20000408   Data          16  imu.o(.data)
    gyro_x                                   0x20000418   Data           4  imu.o(.data)
    gyro_y                                   0x2000041c   Data           4  imu.o(.data)
    gyro_z                                   0x20000420   Data           4  imu.o(.data)
    gyro_z1                                  0x20000428   Data           8  imu.o(.data)
    Yaw                                      0x20000430   Data           4  imu.o(.data)
    device_id                                0x20000434   Data           1  sensor.o(.data)
    MPU_Res                                  0x20000435   Data           1  sensor.o(.data)
    dev                                      0x20000438   Data          36  sensor.o(.data)
    user_accel_bmi088                        0x2000045c   Data           6  sensor.o(.data)
    user_gyro_bmi088                         0x20000462   Data           6  sensor.o(.data)
    __stdout                                 0x20000478   Data           4  stdout.o(.data)
    __microlib_freelist                      0x2000047c   Data           4  mvars.o(.data)
    __microlib_freelist_initialised          0x20000480   Data           4  mvars.o(.data)
    V3                                       0x20000488   Data          12  main.o(.bss)
    hi2c1                                    0x20000494   Data          84  i2c.o(.bss)
    htim2                                    0x200004e8   Data          72  tim.o(.bss)
    huart1                                   0x20000530   Data          72  usart.o(.bss)
    htim6                                    0x20000578   Data          72  stm32f4xx_hal_timebase_tim.o(.bss)
    xQueueRegistry                           0x200005c0   Data          64  queue.o(.bss)
    vl53l0x_dev                              0x20004e94   Data        1056  vl53l0x.o(.bss)
    vl53l0x_data                             0x200052b4   Data          84  vl53l0x_gen.o(.bss)
    My_Filter                                0x20005a20   Data          32  imu.o(.bss)
    H_filter                                 0x20005a80   Data          48  position.o(.bss)
    L_filter                                 0x20005ab0   Data          48  position.o(.bss)
    position_xyz                             0x20005ae0   Data          12  position.o(.bss)
    cb                                       0x20005b60   Data         232  compass_vec_cal.o(.bss)
    cb_test                                  0x20005c48   Data         232  compass_vec_cal.o(.bss)
    cb_sim                                   0x20005d30   Data         232  compass_vec_cal.o(.bss)
    vc                                       0x20005e18   Data         424  compass_vec_cal.o(.bss)
    fnm                                      0x20005fc0   Data         608  fast_no_motion.o(.bss)
    s9axis                                   0x20006260   Data         312  fusion_9axis.o(.bss)
    mag_disturb                              0x2000655c   Data         184  mag_disturb.o(.bss)
    __heap_base                              0x20006b38   Data           0  startup_stm32f407xx.o(HEAP)
    __heap_limit                             0x20006d38   Data           0  startup_stm32f407xx.o(HEAP)
    __initial_sp                             0x20007138   Data           0  startup_stm32f407xx.o(STACK)



==============================================================================

Memory Map of the image

  Image Entry point : 0x08000189

  Load Region LR_IROM1 (Base: 0x08000000, Size: 0x00012870, Max: 0x00080000, ABSOLUTE, COMPRESSED[0x000126cc])

    Execution Region ER_IROM1 (Exec base: 0x08000000, Load base: 0x08000000, Size: 0x000123e8, Max: 0x00080000, ABSOLUTE)

    Exec Addr    Load Addr    Size         Type   Attr      Idx    E Section Name        Object

    0x08000000   0x08000000   0x00000188   Data   RO            3    RESET               startup_stm32f407xx.o
    0x08000188   0x08000188   0x00000000   Code   RO        10146  * .ARM.Collect$$$$00000000  mc_w.l(entry.o)
    0x08000188   0x08000188   0x00000004   Code   RO        10542    .ARM.Collect$$$$00000001  mc_w.l(entry2.o)
    0x0800018c   0x0800018c   0x00000004   Code   RO        10545    .ARM.Collect$$$$00000004  mc_w.l(entry5.o)
    0x08000190   0x08000190   0x00000000   Code   RO        10547    .ARM.Collect$$$$00000008  mc_w.l(entry7b.o)
    0x08000190   0x08000190   0x00000000   Code   RO        10549    .ARM.Collect$$$$0000000A  mc_w.l(entry8b.o)
    0x08000190   0x08000190   0x00000008   Code   RO        10550    .ARM.Collect$$$$0000000B  mc_w.l(entry9a.o)
    0x08000198   0x08000198   0x00000000   Code   RO        10552    .ARM.Collect$$$$0000000D  mc_w.l(entry10a.o)
    0x08000198   0x08000198   0x00000000   Code   RO        10554    .ARM.Collect$$$$0000000F  mc_w.l(entry11a.o)
    0x08000198   0x08000198   0x00000004   Code   RO        10543    .ARM.Collect$$$$00002712  mc_w.l(entry2.o)
    0x0800019c   0x0800019c   0x000000be   Code   RO         5338    .emb_text           port.o
    0x0800025a   0x0800025a   0x00000002   PAD
    0x0800025c   0x0800025c   0x00000024   Code   RO            4    .text               startup_stm32f407xx.o
    0x08000280   0x08000280   0x000024f0   Code   RO         9682    .text               libmpllib.lib(compass_vec_cal.o)
    0x08002770   0x08002770   0x00000a18   Code   RO         9772    .text               libmpllib.lib(fast_no_motion.o)
    0x08003188   0x08003188   0x000006b0   Code   RO         9805    .text               libmpllib.lib(fusion_9axis.o)
    0x08003838   0x08003838   0x000004c4   Code   RO         9827    .text               libmpllib.lib(gyro_tc.o)
    0x08003cfc   0x08003cfc   0x000005c0   Code   RO         9845    .text               libmpllib.lib(mag_disturb.o)
    0x080042bc   0x080042bc   0x00000994   Code   RO         9867    .text               libmpllib.lib(quaternion_supervisor.o)
    0x08004c50   0x08004c50   0x00000c44   Code   RO         9885    .text               libmpllib.lib(accel_auto_cal.o)
    0x08005894   0x08005894   0x00000062   Code   RO        10149    .text               mc_w.l(uldiv.o)
    0x080058f6   0x080058f6   0x00000062   Code   RO        10151    .text               mc_w.l(ldiv.o)
    0x08005958   0x08005958   0x0000001e   Code   RO        10153    .text               mc_w.l(llshl.o)
    0x08005976   0x08005976   0x00000024   Code   RO        10155    .text               mc_w.l(llsshr.o)
    0x0800599a   0x0800599a   0x00000040   Code   RO        10159    .text               mc_w.l(memmovea.o)
    0x080059da   0x080059da   0x00000024   Code   RO        10163    .text               mc_w.l(memseta.o)
    0x080059fe   0x080059fe   0x0000001a   Code   RO        10165    .text               mc_w.l(memcmp.o)
    0x08005a18   0x08005a18   0x00000012   Code   RO        10167    .text               mc_w.l(strcpy.o)
    0x08005a2a   0x08005a2a   0x0000014e   Code   RO        10462    .text               mf_w.l(dadd.o)
    0x08005b78   0x08005b78   0x000000e4   Code   RO        10464    .text               mf_w.l(dmul.o)
    0x08005c5c   0x08005c5c   0x000000de   Code   RO        10466    .text               mf_w.l(ddiv.o)
    0x08005d3a   0x08005d3a   0x0000002c   Code   RO        10468    .text               mf_w.l(ffltl.o)
    0x08005d66   0x08005d66   0x00000022   Code   RO        10470    .text               mf_w.l(dflti.o)
    0x08005d88   0x08005d88   0x00000042   Code   RO        10472    .text               mf_w.l(ffixl.o)
    0x08005dca   0x08005dca   0x0000003e   Code   RO        10474    .text               mf_w.l(dfixi.o)
    0x08005e08   0x08005e08   0x00000026   Code   RO        10476    .text               mf_w.l(f2d.o)
    0x08005e2e   0x08005e2e   0x00000002   PAD
    0x08005e30   0x08005e30   0x00000030   Code   RO        10478    .text               mf_w.l(cdcmple.o)
    0x08005e60   0x08005e60   0x00000030   Code   RO        10480    .text               mf_w.l(cdrcmple.o)
    0x08005e90   0x08005e90   0x00000038   Code   RO        10482    .text               mf_w.l(d2f.o)
    0x08005ec8   0x08005ec8   0x0000002c   Code   RO        10557    .text               mc_w.l(uidiv.o)
    0x08005ef4   0x08005ef4   0x00000020   Code   RO        10559    .text               mc_w.l(llushr.o)
    0x08005f14   0x08005f14   0x00000000   Code   RO        10570    .text               mc_w.l(iusefp.o)
    0x08005f14   0x08005f14   0x0000006e   Code   RO        10571    .text               mf_w.l(fepilogue.o)
    0x08005f82   0x08005f82   0x000000ba   Code   RO        10573    .text               mf_w.l(depilogue.o)
    0x0800603c   0x0800603c   0x000000a2   Code   RO        10579    .text               mf_w.l(dsqrt.o)
    0x080060de   0x080060de   0x00000030   Code   RO        10581    .text               mf_w.l(dfixul.o)
    0x0800610e   0x0800610e   0x00000002   PAD
    0x08006110   0x08006110   0x00000024   Code   RO        10583    .text               mc_w.l(init.o)
    0x08006134   0x08006134   0x0000001a   Code   RO        10585    .text               mf_w.l(dfltui.o)
    0x0800614e   0x0800614e   0x00000056   Code   RO        10595    .text               mc_w.l(__dczerorl2.o)
    0x080061a4   0x080061a4   0x000000d0   Code   RO         9117    i.ACC_XYZ_Window_Filter  imu.o
    0x08006274   0x08006274   0x000000e0   Code   RO         9628    i.BMI088_InitFunc   sensor.o
    0x08006354   0x08006354   0x00000002   Code   RO          560    i.BusFault_Handler  stm32f4xx_it.o
    0x08006356   0x08006356   0x00000002   Code   RO          561    i.DebugMon_Handler  stm32f4xx_it.o
    0x08006358   0x08006358   0x0000005c   Code   RO         9629    i.Dis_Filter_Window  sensor.o
    0x080063b4   0x080063b4   0x00000006   Code   RO          562    i.EXTI2_IRQHandler  stm32f4xx_it.o
    0x080063ba   0x080063ba   0x00000004   Code   RO           13    i.Error_Handler     main.o
    0x080063be   0x080063be   0x00000002   PAD
    0x080063c0   0x080063c0   0x00000024   Code   RO         1586    i.HAL_Delay         stm32f4xx_hal.o
    0x080063e4   0x080063e4   0x0000008c   Code   RO           14    i.HAL_GPIO_EXTI_Callback  main.o
    0x08006470   0x08006470   0x00000018   Code   RO         1053    i.HAL_GPIO_EXTI_IRQHandler  stm32f4xx_hal_gpio.o
    0x08006488   0x08006488   0x000001f0   Code   RO         1054    i.HAL_GPIO_Init     stm32f4xx_hal_gpio.o
    0x08006678   0x08006678   0x00000010   Code   RO         1057    i.HAL_GPIO_TogglePin  stm32f4xx_hal_gpio.o
    0x08006688   0x08006688   0x0000000a   Code   RO         1058    i.HAL_GPIO_WritePin  stm32f4xx_hal_gpio.o
    0x08006692   0x08006692   0x00000002   PAD
    0x08006694   0x08006694   0x0000000c   Code   RO         1592    i.HAL_GetTick       stm32f4xx_hal.o
    0x080066a0   0x080066a0   0x00000006   Code   RO         1847    i.HAL_I2C_GetState  stm32f4xx_hal_i2c.o
    0x080066a6   0x080066a6   0x00000002   PAD
    0x080066a8   0x080066a8   0x00000188   Code   RO         1848    i.HAL_I2C_Init      stm32f4xx_hal_i2c.o
    0x08006830   0x08006830   0x00000204   Code   RO         1866    i.HAL_I2C_Mem_Read  stm32f4xx_hal_i2c.o
    0x08006a34   0x08006a34   0x00000130   Code   RO         1869    i.HAL_I2C_Mem_Write  stm32f4xx_hal_i2c.o
    0x08006b64   0x08006b64   0x00000068   Code   RO          417    i.HAL_I2C_MspInit   i2c.o
    0x08006bcc   0x08006bcc   0x00000010   Code   RO         1598    i.HAL_IncTick       stm32f4xx_hal.o
    0x08006bdc   0x08006bdc   0x00000034   Code   RO         1599    i.HAL_Init          stm32f4xx_hal.o
    0x08006c10   0x08006c10   0x00000098   Code   RO          660    i.HAL_InitTick      stm32f4xx_hal_timebase_tim.o
    0x08006ca8   0x08006ca8   0x00000038   Code   RO          636    i.HAL_MspInit       stm32f4xx_hal_msp.o
    0x08006ce0   0x08006ce0   0x0000001a   Code   RO         1444    i.HAL_NVIC_EnableIRQ  stm32f4xx_hal_cortex.o
    0x08006cfa   0x08006cfa   0x00000002   PAD
    0x08006cfc   0x08006cfc   0x00000040   Code   RO         1450    i.HAL_NVIC_SetPriority  stm32f4xx_hal_cortex.o
    0x08006d3c   0x08006d3c   0x00000024   Code   RO         1451    i.HAL_NVIC_SetPriorityGrouping  stm32f4xx_hal_cortex.o
    0x08006d60   0x08006d60   0x00000134   Code   RO          700    i.HAL_RCC_ClockConfig  stm32f4xx_hal_rcc.o
    0x08006e94   0x08006e94   0x00000040   Code   RO          704    i.HAL_RCC_GetClockConfig  stm32f4xx_hal_rcc.o
    0x08006ed4   0x08006ed4   0x00000020   Code   RO          707    i.HAL_RCC_GetPCLK1Freq  stm32f4xx_hal_rcc.o
    0x08006ef4   0x08006ef4   0x00000020   Code   RO          708    i.HAL_RCC_GetPCLK2Freq  stm32f4xx_hal_rcc.o
    0x08006f14   0x08006f14   0x00000060   Code   RO          709    i.HAL_RCC_GetSysClockFreq  stm32f4xx_hal_rcc.o
    0x08006f74   0x08006f74   0x0000036c   Code   RO          712    i.HAL_RCC_OscConfig  stm32f4xx_hal_rcc.o
    0x080072e0   0x080072e0   0x00000018   Code   RO         1453    i.HAL_SYSTICK_CLKSourceConfig  stm32f4xx_hal_cortex.o
    0x080072f8   0x080072f8   0x00000002   Code   RO         2998    i.HAL_TIMEx_BreakCallback  stm32f4xx_hal_tim_ex.o
    0x080072fa   0x080072fa   0x00000002   Code   RO         2999    i.HAL_TIMEx_CommutCallback  stm32f4xx_hal_tim_ex.o
    0x080072fc   0x080072fc   0x00000090   Code   RO         3017    i.HAL_TIMEx_MasterConfigSynchronization  stm32f4xx_hal_tim_ex.o
    0x0800738c   0x0800738c   0x0000005a   Code   RO         2294    i.HAL_TIM_Base_Init  stm32f4xx_hal_tim.o
    0x080073e6   0x080073e6   0x00000002   PAD
    0x080073e8   0x080073e8   0x00000038   Code   RO          471    i.HAL_TIM_Base_MspInit  tim.o
    0x08007420   0x08007420   0x00000080   Code   RO         2299    i.HAL_TIM_Base_Start_IT  stm32f4xx_hal_tim.o
    0x080074a0   0x080074a0   0x000000dc   Code   RO         2303    i.HAL_TIM_ConfigClockSource  stm32f4xx_hal_tim.o
    0x0800757c   0x0800757c   0x00000002   Code   RO         2328    i.HAL_TIM_IC_CaptureCallback  stm32f4xx_hal_tim.o
    0x0800757e   0x0800757e   0x00000130   Code   RO         2342    i.HAL_TIM_IRQHandler  stm32f4xx_hal_tim.o
    0x080076ae   0x080076ae   0x00000002   Code   RO         2345    i.HAL_TIM_OC_DelayElapsedCallback  stm32f4xx_hal_tim.o
    0x080076b0   0x080076b0   0x00000002   Code   RO         2372    i.HAL_TIM_PWM_PulseFinishedCallback  stm32f4xx_hal_tim.o
    0x080076b2   0x080076b2   0x00000002   PAD
    0x080076b4   0x080076b4   0x0000033c   Code   RO           15    i.HAL_TIM_PeriodElapsedCallback  main.o
    0x080079f0   0x080079f0   0x00000002   Code   RO         2385    i.HAL_TIM_TriggerCallback  stm32f4xx_hal_tim.o
    0x080079f2   0x080079f2   0x00000064   Code   RO         3295    i.HAL_UART_Init     stm32f4xx_hal_uart.o
    0x08007a56   0x08007a56   0x00000002   PAD
    0x08007a58   0x08007a58   0x0000006c   Code   RO          513    i.HAL_UART_MspInit  usart.o
    0x08007ac4   0x08007ac4   0x000000a0   Code   RO         3303    i.HAL_UART_Transmit  stm32f4xx_hal_uart.o
    0x08007b64   0x08007b64   0x00000002   Code   RO          563    i.HardFault_Handler  stm32f4xx_it.o
    0x08007b66   0x08007b66   0x0000002e   Code   RO         1891    i.I2C_IsAcknowledgeFailed  stm32f4xx_hal_i2c.o
    0x08007b94   0x08007b94   0x000000fc   Code   RO         1901    i.I2C_RequestMemoryRead  stm32f4xx_hal_i2c.o
    0x08007c90   0x08007c90   0x000000a8   Code   RO         1902    i.I2C_RequestMemoryWrite  stm32f4xx_hal_i2c.o
    0x08007d38   0x08007d38   0x00000056   Code   RO         1906    i.I2C_WaitOnBTFFlagUntilTimeout  stm32f4xx_hal_i2c.o
    0x08007d8e   0x08007d8e   0x00000002   PAD
    0x08007d90   0x08007d90   0x00000090   Code   RO         1907    i.I2C_WaitOnFlagUntilTimeout  stm32f4xx_hal_i2c.o
    0x08007e20   0x08007e20   0x000000bc   Code   RO         1908    i.I2C_WaitOnMasterAddressFlagUntilTimeout  stm32f4xx_hal_i2c.o
    0x08007edc   0x08007edc   0x00000070   Code   RO         1909    i.I2C_WaitOnRXNEFlagUntilTimeout  stm32f4xx_hal_i2c.o
    0x08007f4c   0x08007f4c   0x00000056   Code   RO         1910    i.I2C_WaitOnTXEFlagUntilTimeout  stm32f4xx_hal_i2c.o
    0x08007fa2   0x08007fa2   0x00000002   PAD
    0x08007fa4   0x08007fa4   0x00000074   Code   RO         9119    i.LPF2_Calculate    imu.o
    0x08008018   0x08008018   0x000000cc   Code   RO         9120    i.LPF2_ParamSet     imu.o
    0x080080e4   0x080080e4   0x0000007c   Code   RO         9630    i.MPU9250_DMP_InitFunc  sensor.o
    0x08008160   0x08008160   0x0000006c   Code   RO         9052    i.MPU_Read_Len      mpu9250.o
    0x080081cc   0x080081cc   0x00000052   Code   RO         9054    i.MPU_Write_Len     mpu9250.o
    0x0800821e   0x0800821e   0x00000002   PAD
    0x08008220   0x08008220   0x00000070   Code   RO          343    i.MX_FREERTOS_Init  freertos.o
    0x08008290   0x08008290   0x0000006c   Code   RO          309    i.MX_GPIO_Init      gpio.o
    0x080082fc   0x080082fc   0x00000040   Code   RO          418    i.MX_I2C1_Init      i2c.o
    0x0800833c   0x0800833c   0x00000064   Code   RO          472    i.MX_TIM2_Init      tim.o
    0x080083a0   0x080083a0   0x00000038   Code   RO          514    i.MX_USART1_UART_Init  usart.o
    0x080083d8   0x080083d8   0x00000002   Code   RO          564    i.MemManage_Handler  stm32f4xx_it.o
    0x080083da   0x080083da   0x00000002   Code   RO          565    i.NMI_Handler       stm32f4xx_it.o
    0x080083dc   0x080083dc   0x00000054   Code   RO         9193    i.Pos_Filter_Init   position.o
    0x08008430   0x08008430   0x00000034   Code   RO         9121    i.Single_Window_Filter  imu.o
    0x08008464   0x08008464   0x00000040   Code   RO         8979    i.SoftSim_IIC_Ack   myiic.o
    0x080084a4   0x080084a4   0x00000048   Code   RO         8980    i.SoftSim_IIC_Init  myiic.o
    0x080084ec   0x080084ec   0x00000040   Code   RO         8981    i.SoftSim_IIC_NAck  myiic.o
    0x0800852c   0x0800852c   0x00000068   Code   RO         8982    i.SoftSim_IIC_Read_Byte  myiic.o
    0x08008594   0x08008594   0x00000060   Code   RO         8983    i.SoftSim_IIC_Send_Byte  myiic.o
    0x080085f4   0x080085f4   0x00000040   Code   RO         8984    i.SoftSim_IIC_Start  myiic.o
    0x08008634   0x08008634   0x00000040   Code   RO         8985    i.SoftSim_IIC_Stop  myiic.o
    0x08008674   0x08008674   0x00000054   Code   RO         8986    i.SoftSim_IIC_Wait_Ack  myiic.o
    0x080086c8   0x080086c8   0x0000001a   Code   RO         4773    i.SysTick_Handler   cmsis_os2.o
    0x080086e2   0x080086e2   0x00000002   PAD
    0x080086e4   0x080086e4   0x00000094   Code   RO           16    i.SystemClock_Config  main.o
    0x08008778   0x08008778   0x00000010   Code   RO         3629    i.SystemInit        system_stm32f4xx.o
    0x08008788   0x08008788   0x0000000c   Code   RO          566    i.TIM2_IRQHandler   stm32f4xx_it.o
    0x08008794   0x08008794   0x0000000c   Code   RO          567    i.TIM6_DAC_IRQHandler  stm32f4xx_it.o
    0x080087a0   0x080087a0   0x000000d8   Code   RO         2387    i.TIM_Base_SetConfig  stm32f4xx_hal_tim.o
    0x08008878   0x08008878   0x00000014   Code   RO         2398    i.TIM_ETR_SetConfig  stm32f4xx_hal_tim.o
    0x0800888c   0x0800888c   0x00000010   Code   RO         2399    i.TIM_ITRx_SetConfig  stm32f4xx_hal_tim.o
    0x0800889c   0x0800889c   0x00000022   Code   RO         2405    i.TIM_TI1_ConfigInputStage  stm32f4xx_hal_tim.o
    0x080088be   0x080088be   0x00000024   Code   RO         2407    i.TIM_TI2_ConfigInputStage  stm32f4xx_hal_tim.o
    0x080088e2   0x080088e2   0x0000004e   Code   RO         3318    i.UART_EndRxTransfer  stm32f4xx_hal_uart.o
    0x08008930   0x08008930   0x0000010c   Code   RO         3321    i.UART_SetConfig    stm32f4xx_hal_uart.o
    0x08008a3c   0x08008a3c   0x00000072   Code   RO         3324    i.UART_WaitOnFlagUntilTimeout  stm32f4xx_hal_uart.o
    0x08008aae   0x08008aae   0x00000002   Code   RO          568    i.UsageFault_Handler  stm32f4xx_it.o
    0x08008ab0   0x08008ab0   0x0000007c   Code   RO         5487    i.VL53L0X_CheckAndLoadInterruptSettings  vl53l0x_api.o
    0x08008b2c   0x08008b2c   0x0000004c   Code   RO         5488    i.VL53L0X_ClearInterruptMask  vl53l0x_api.o
    0x08008b78   0x08008b78   0x00000022   Code   RO         5502    i.VL53L0X_GetInterruptMaskStatus  vl53l0x_api.o
    0x08008b9a   0x08008b9a   0x00000034   Code   RO         5503    i.VL53L0X_GetInterruptThresholds  vl53l0x_api.o
    0x08008bce   0x08008bce   0x00000018   Code   RO         5505    i.VL53L0X_GetLimitCheckEnable  vl53l0x_api.o
    0x08008be6   0x08008be6   0x00000002   PAD
    0x08008be8   0x08008be8   0x0000007a   Code   RO         5508    i.VL53L0X_GetLimitCheckValue  vl53l0x_api.o
    0x08008c62   0x08008c62   0x0000003a   Code   RO         5511    i.VL53L0X_GetMeasurementDataReady  vl53l0x_api.o
    0x08008c9c   0x08008c9c   0x00000004   Code   RO         5524    i.VL53L0X_GetRangeStatusString  vl53l0x_api.o
    0x08008ca0   0x08008ca0   0x0000012c   Code   RO         5525    i.VL53L0X_GetRangingMeasurementData  vl53l0x_api.o
    0x08008dcc   0x08008dcc   0x0000000a   Code   RO         5541    i.VL53L0X_GetXTalkCompensationEnable  vl53l0x_api.o
    0x08008dd6   0x08008dd6   0x00000022   Code   RO         5547    i.VL53L0X_PerformSingleMeasurement  vl53l0x_api.o
    0x08008df8   0x08008df8   0x00000034   Code   RO         5548    i.VL53L0X_PerformSingleRangingMeasurement  vl53l0x_api.o
    0x08008e2c   0x08008e2c   0x00000012   Code   RO         6644    i.VL53L0X_PollingDelay  vl53l0x_platform.o
    0x08008e3e   0x08008e3e   0x00000016   Code   RO         6645    i.VL53L0X_RdByte    vl53l0x_platform.o
    0x08008e54   0x08008e54   0x00000016   Code   RO         6647    i.VL53L0X_RdWord    vl53l0x_platform.o
    0x08008e6a   0x08008e6a   0x0000001e   Code   RO         6648    i.VL53L0X_ReadMulti  vl53l0x_platform.o
    0x08008e88   0x08008e88   0x00000024   Code   RO         5553    i.VL53L0X_SetDeviceMode  vl53l0x_api.o
    0x08008eac   0x08008eac   0x000000d4   Code   RO         5580    i.VL53L0X_StartMeasurement  vl53l0x_api.o
    0x08008f80   0x08008f80   0x00000016   Code   RO         6650    i.VL53L0X_WrByte    vl53l0x_platform.o
    0x08008f96   0x08008f96   0x0000001e   Code   RO         6653    i.VL53L0X_WriteMulti  vl53l0x_platform.o
    0x08008fb4   0x08008fb4   0x000000d8   Code   RO         6264    i.VL53L0X_calc_dmax  vl53l0x_api_core.o
    0x0800908c   0x0800908c   0x00000010   Code   RO         6265    i.VL53L0X_calc_macro_period_ps  vl53l0x_api_core.o
    0x0800909c   0x0800909c   0x00000228   Code   RO         6266    i.VL53L0X_calc_sigma_estimate  vl53l0x_api_core.o
    0x080092c4   0x080092c4   0x00000022   Code   RO         6267    i.VL53L0X_calc_timeout_mclks  vl53l0x_api_core.o
    0x080092e6   0x080092e6   0x00000002   PAD
    0x080092e8   0x080092e8   0x000001e6   Code   RO         6276    i.VL53L0X_get_pal_range_status  vl53l0x_api_core.o
    0x080094ce   0x080094ce   0x00000002   PAD
    0x080094d0   0x080094d0   0x000000a8   Code   RO         6447    i.VL53L0X_get_range_status_string  vl53l0x_api_strings.o
    0x08009578   0x08009578   0x0000001c   Code   RO         6277    i.VL53L0X_get_total_signal_rate  vl53l0x_api_core.o
    0x08009594   0x08009594   0x0000002e   Code   RO         6278    i.VL53L0X_get_total_xtalk_rate  vl53l0x_api_core.o
    0x080095c2   0x080095c2   0x00000002   PAD
    0x080095c4   0x080095c4   0x00000048   Code   RO         6507    i.VL53L0X_i2c_init  vl53l0x_i2c.o
    0x0800960c   0x0800960c   0x0000002a   Code   RO         6280    i.VL53L0X_isqrt     vl53l0x_api_core.o
    0x08009636   0x08009636   0x00000002   PAD
    0x08009638   0x08009638   0x000000a4   Code   RO         6281    i.VL53L0X_load_tuning_settings  vl53l0x_api_core.o
    0x080096dc   0x080096dc   0x00000036   Code   RO         6282    i.VL53L0X_measurement_poll_for_completion  vl53l0x_api_core.o
    0x08009712   0x08009712   0x00000006   Code   RO         6508    i.VL53L0X_read_byte  vl53l0x_i2c.o
    0x08009718   0x08009718   0x00000016   Code   RO         6510    i.VL53L0X_read_multi  vl53l0x_i2c.o
    0x0800972e   0x0800972e   0x0000001c   Code   RO         6511    i.VL53L0X_read_word  vl53l0x_i2c.o
    0x0800974a   0x0800974a   0x0000000c   Code   RO         6512    i.VL53L0X_write_byte  vl53l0x_i2c.o
    0x08009756   0x08009756   0x00000016   Code   RO         6514    i.VL53L0X_write_multi  vl53l0x_i2c.o
    0x0800976c   0x0800976c   0x00000040   Code   RO         6516    i.VL_IIC_Ack        vl53l0x_i2c.o
    0x080097ac   0x080097ac   0x00000040   Code   RO         6517    i.VL_IIC_NAck       vl53l0x_i2c.o
    0x080097ec   0x080097ec   0x00000068   Code   RO         6519    i.VL_IIC_Read_Byte  vl53l0x_i2c.o
    0x08009854   0x08009854   0x00000064   Code   RO         6520    i.VL_IIC_Read_nByte  vl53l0x_i2c.o
    0x080098b8   0x080098b8   0x00000068   Code   RO         6521    i.VL_IIC_Send_Byte  vl53l0x_i2c.o
    0x08009920   0x08009920   0x00000040   Code   RO         6522    i.VL_IIC_Start      vl53l0x_i2c.o
    0x08009960   0x08009960   0x00000044   Code   RO         6523    i.VL_IIC_Stop       vl53l0x_i2c.o
    0x080099a4   0x080099a4   0x00000054   Code   RO         6524    i.VL_IIC_Wait_Ack   vl53l0x_i2c.o
    0x080099f8   0x080099f8   0x00000046   Code   RO         6526    i.VL_IIC_Write_nByte  vl53l0x_i2c.o
    0x08009a3e   0x08009a3e   0x00000098   Code   RO         7555    i._MLPrintLog       log_stm32.o
    0x08009ad6   0x08009ad6   0x00000002   PAD
    0x08009ad8   0x08009ad8   0x00000020   Code   RO        10406    i.__0printf         mc_w.l(printfa.o)
    0x08009af8   0x08009af8   0x00000024   Code   RO        10412    i.__0vsprintf       mc_w.l(printfa.o)
    0x08009b1c   0x08009b1c   0x00000030   Code   RO        10501    i.__ARM_fpclassify  m_wm.l(fpclassify.o)
    0x08009b4c   0x08009b4c   0x00000026   Code   RO        10503    i.__ARM_fpclassifyf  m_wm.l(fpclassifyf.o)
    0x08009b72   0x08009b72   0x00000020   Code   RO         1457    i.__NVIC_SetPriority  stm32f4xx_hal_cortex.o
    0x08009b92   0x08009b92   0x00000002   PAD
    0x08009b94   0x08009b94   0x00000118   Code   RO         9928    i.__hardfp_acosf    m_wm.l(acosf.o)
    0x08009cac   0x08009cac   0x00000250   Code   RO         9992    i.__hardfp_atan2f   m_wm.l(atan2f.o)
    0x08009efc   0x08009efc   0x00000004   PAD
    0x08009f00   0x08009f00   0x000000c8   Code   RO        10010    i.__hardfp_cos      m_wm.l(cos.o)
    0x08009fc8   0x08009fc8   0x00000150   Code   RO        10022    i.__hardfp_cosf     m_wm.l(cosf.o)
    0x0800a118   0x0800a118   0x00000014   Code   RO        10034    i.__hardfp_fabs     m_wm.l(fabs.o)
    0x0800a12c   0x0800a12c   0x00000004   PAD
    0x0800a130   0x0800a130   0x000003c4   Code   RO        10046    i.__hardfp_log      m_wm.l(log.o)
    0x0800a4f4   0x0800a4f4   0x00000190   Code   RO        10086    i.__hardfp_sinf     m_wm.l(sinf.o)
    0x0800a684   0x0800a684   0x0000007a   Code   RO        10098    i.__hardfp_sqrt     m_wm.l(sqrt.o)
    0x0800a6fe   0x0800a6fe   0x0000003a   Code   RO        10110    i.__hardfp_sqrtf    m_wm.l(sqrtf.o)
    0x0800a738   0x0800a738   0x00000080   Code   RO        10122    i.__hardfp_tan      m_wm.l(tan.o)
    0x0800a7b8   0x0800a7b8   0x0000017c   Code   RO        10134    i.__hardfp_tanf     m_wm.l(tanf.o)
    0x0800a934   0x0800a934   0x00000004   PAD
    0x0800a938   0x0800a938   0x00000438   Code   RO        10522    i.__ieee754_rem_pio2  m_wm.l(rred.o)
    0x0800ad70   0x0800ad70   0x00000170   Code   RO        10484    i.__kernel_cos      m_wm.l(cos_i.o)
    0x0800aee0   0x0800aee0   0x000000f8   Code   RO        10519    i.__kernel_poly     m_wm.l(poly.o)
    0x0800afd8   0x0800afd8   0x00000130   Code   RO        10530    i.__kernel_sin      m_wm.l(sin_i.o)
    0x0800b108   0x0800b108   0x00000350   Code   RO        10536    i.__kernel_tan      m_wm.l(tan_i.o)
    0x0800b458   0x0800b458   0x00000030   Code   RO        10487    i.__mathlib_dbl_divzero  m_wm.l(dunder.o)
    0x0800b488   0x0800b488   0x00000014   Code   RO        10488    i.__mathlib_dbl_infnan  m_wm.l(dunder.o)
    0x0800b49c   0x0800b49c   0x00000004   PAD
    0x0800b4a0   0x0800b4a0   0x00000020   Code   RO        10490    i.__mathlib_dbl_invalid  m_wm.l(dunder.o)
    0x0800b4c0   0x0800b4c0   0x00000020   Code   RO        10493    i.__mathlib_dbl_underflow  m_wm.l(dunder.o)
    0x0800b4e0   0x0800b4e0   0x00000006   Code   RO        10506    i.__mathlib_flt_infnan  m_wm.l(funder.o)
    0x0800b4e6   0x0800b4e6   0x00000006   Code   RO        10507    i.__mathlib_flt_infnan2  m_wm.l(funder.o)
    0x0800b4ec   0x0800b4ec   0x00000010   Code   RO        10508    i.__mathlib_flt_invalid  m_wm.l(funder.o)
    0x0800b4fc   0x0800b4fc   0x00000010   Code   RO        10511    i.__mathlib_flt_underflow  m_wm.l(funder.o)
    0x0800b50c   0x0800b50c   0x00000154   Code   RO        10527    i.__mathlib_rredf2  m_wm.l(rredf.o)
    0x0800b660   0x0800b660   0x00000030   Code   RO         8630    i.__print_result_location  mpl.o
    0x0800b690   0x0800b690   0x0000000e   Code   RO        10589    i.__scatterload_copy  mc_w.l(handlers.o)
    0x0800b69e   0x0800b69e   0x00000002   Code   RO        10590    i.__scatterload_null  mc_w.l(handlers.o)
    0x0800b6a0   0x0800b6a0   0x0000000e   Code   RO        10591    i.__scatterload_zeroinit  mc_w.l(handlers.o)
    0x0800b6ae   0x0800b6ae   0x00000002   PAD
    0x0800b6b0   0x0800b6b0   0x0000000c   Code   RO        10565    i.__set_errno       mc_w.l(errno.o)
    0x0800b6bc   0x0800b6bc   0x00000184   Code   RO        10413    i._fp_digits        mc_w.l(printfa.o)
    0x0800b840   0x0800b840   0x000006dc   Code   RO        10414    i._printf_core      mc_w.l(printfa.o)
    0x0800bf1c   0x0800bf1c   0x00000024   Code   RO        10415    i._printf_post_padding  mc_w.l(printfa.o)
    0x0800bf40   0x0800bf40   0x0000002e   Code   RO        10416    i._printf_pre_padding  mc_w.l(printfa.o)
    0x0800bf6e   0x0800bf6e   0x0000000a   Code   RO        10418    i._sputc            mc_w.l(printfa.o)
    0x0800bf78   0x0800bf78   0x00000018   Code   RO         9578    i.bmi088_init       bmi088.o
    0x0800bf90   0x0800bf90   0x00000052   Code   RO         9273    i.bmi08a_get_data   bmi08a.o
    0x0800bfe2   0x0800bfe2   0x00000038   Code   RO         9279    i.bmi08a_get_meas_conf  bmi08a.o
    0x0800c01a   0x0800c01a   0x00000024   Code   RO         9280    i.bmi08a_get_power_mode  bmi08a.o
    0x0800c03e   0x0800c03e   0x00000036   Code   RO         9281    i.bmi08a_get_regs   bmi08a.o
    0x0800c074   0x0800c074   0x00000050   Code   RO         9285    i.bmi08a_init       bmi08a.o
    0x0800c0c4   0x0800c0c4   0x00000088   Code   RO         9292    i.bmi08a_set_meas_conf  bmi08a.o
    0x0800c14c   0x0800c14c   0x0000005c   Code   RO         9293    i.bmi08a_set_power_mode  bmi08a.o
    0x0800c1a8   0x0800c1a8   0x00000040   Code   RO         9295    i.bmi08a_soft_reset  bmi08a.o
    0x0800c1e8   0x0800c1e8   0x00000052   Code   RO         9482    i.bmi08g_get_data   bmi08g.o
    0x0800c23a   0x0800c23a   0x00000036   Code   RO         9485    i.bmi08g_get_regs   bmi08g.o
    0x0800c270   0x0800c270   0x00000032   Code   RO         9486    i.bmi08g_init       bmi08g.o
    0x0800c2a2   0x0800c2a2   0x0000008a   Code   RO         9489    i.bmi08g_set_meas_conf  bmi08g.o
    0x0800c32c   0x0800c32c   0x00000062   Code   RO         9490    i.bmi08g_set_power_mode  bmi08g.o
    0x0800c38e   0x0800c38e   0x00000002   PAD
    0x0800c390   0x0800c390   0x00000038   Code   RO         5443    i.delay_init        delay.o
    0x0800c3c8   0x0800c3c8   0x00000034   Code   RO         5445    i.delay_us          delay.o
    0x0800c3fc   0x0800c3fc   0x0000003a   Code   RO         7366    i.dmp_enable_6x_lp_quat  inv_mpu_dmp_motion_driver.o
    0x0800c436   0x0800c436   0x00000002   PAD
    0x0800c438   0x0800c438   0x000001d8   Code   RO         7367    i.dmp_enable_feature  inv_mpu_dmp_motion_driver.o
    0x0800c610   0x0800c610   0x0000003c   Code   RO         7368    i.dmp_enable_gyro_cal  inv_mpu_dmp_motion_driver.o
    0x0800c64c   0x0800c64c   0x0000003a   Code   RO         7369    i.dmp_enable_lp_quat  inv_mpu_dmp_motion_driver.o
    0x0800c686   0x0800c686   0x00000002   PAD
    0x0800c688   0x0800c688   0x00000014   Code   RO         7374    i.dmp_load_motion_driver_firmware  inv_mpu_dmp_motion_driver.o
    0x0800c69c   0x0800c69c   0x00000148   Code   RO         7375    i.dmp_read_fifo     inv_mpu_dmp_motion_driver.o
    0x0800c7e4   0x0800c7e4   0x00000064   Code   RO         7379    i.dmp_set_fifo_rate  inv_mpu_dmp_motion_driver.o
    0x0800c848   0x0800c848   0x0000010c   Code   RO         7382    i.dmp_set_orientation  inv_mpu_dmp_motion_driver.o
    0x0800c954   0x0800c954   0x00000030   Code   RO         7385    i.dmp_set_shake_reject_thresh  inv_mpu_dmp_motion_driver.o
    0x0800c984   0x0800c984   0x00000020   Code   RO         7386    i.dmp_set_shake_reject_time  inv_mpu_dmp_motion_driver.o
    0x0800c9a4   0x0800c9a4   0x00000020   Code   RO         7387    i.dmp_set_shake_reject_timeout  inv_mpu_dmp_motion_driver.o
    0x0800c9c4   0x0800c9c4   0x00000040   Code   RO         7388    i.dmp_set_tap_axes  inv_mpu_dmp_motion_driver.o
    0x0800ca04   0x0800ca04   0x00000022   Code   RO         7389    i.dmp_set_tap_count  inv_mpu_dmp_motion_driver.o
    0x0800ca26   0x0800ca26   0x00000002   PAD
    0x0800ca28   0x0800ca28   0x00000160   Code   RO         7390    i.dmp_set_tap_thresh  inv_mpu_dmp_motion_driver.o
    0x0800cb88   0x0800cb88   0x00000020   Code   RO         7391    i.dmp_set_tap_time  inv_mpu_dmp_motion_driver.o
    0x0800cba8   0x0800cba8   0x00000020   Code   RO         7392    i.dmp_set_tap_time_multi  inv_mpu_dmp_motion_driver.o
    0x0800cbc8   0x0800cbc8   0x00000034   Code   RO          310    i.exti_GPIO_Init    gpio.o
    0x0800cbfc   0x0800cbfc   0x00000018   Code   RO        10036    i.fabs              m_wm.l(fabs.o)
    0x0800cc14   0x0800cc14   0x0000001c   Code   RO          515    i.fputc             usart.o
    0x0800cc30   0x0800cc30   0x00000050   Code   RO        10434    i.free              mc_w.l(malloc.o)
    0x0800cc80   0x0800cc80   0x00000060   Code   RO         9299    i.get_regs          bmi08a.o
    0x0800cce0   0x0800cce0   0x00000024   Code   RO         9493    i.get_regs          bmi08g.o
    0x0800cd04   0x0800cd04   0x000000a0   Code   RO         9194    i.initHighPassFilter  position.o
    0x0800cda4   0x0800cda4   0x000000b0   Code   RO         9195    i.initLowPassFilter  position.o
    0x0800ce54   0x0800ce54   0x0000006a   Code   RO         7676    i.inv_apply_calibration  data_builder.o
    0x0800cebe   0x0800cebe   0x00000002   PAD
    0x0800cec0   0x0800cec0   0x00000068   Code   RO         7677    i.inv_build_accel   data_builder.o
    0x0800cf28   0x0800cf28   0x00000084   Code   RO         7678    i.inv_build_compass  data_builder.o
    0x0800cfac   0x0800cfac   0x00000030   Code   RO         7679    i.inv_build_gyro    data_builder.o
    0x0800cfdc   0x0800cfdc   0x0000001c   Code   RO         7681    i.inv_build_temp    data_builder.o
    0x0800cff8   0x0800cff8   0x000000ac   Code   RO         8280    i.inv_compass_angle  ml_math_func.o
    0x0800d0a4   0x0800d0a4   0x0000005c   Code   RO         8282    i.inv_convert_to_body_with_scale  ml_math_func.o
    0x0800d100   0x0800d100   0x0000003c   Code   RO         7683    i.inv_db_load_func  data_builder.o
    0x0800d13c   0x0800d13c   0x00000014   Code   RO         7684    i.inv_db_save_func  data_builder.o
    0x0800d150   0x0800d150   0x0000001c   Code   RO         7592    i.inv_enable_eMPL_outputs  empl_outputs.o
    0x0800d16c   0x0800d16c   0x0000001c   Code   RO         8671    i.inv_enable_results_holder  results_holder.o
    0x0800d188   0x0800d188   0x0000002c   Code   RO         8906    i.inv_execute_mpl_start_notification  start_manager.o
    0x0800d1b4   0x0800d1b4   0x00000080   Code   RO         7687    i.inv_execute_on_data  data_builder.o
    0x0800d234   0x0800d234   0x000000a4   Code   RO         7593    i.inv_generate_eMPL_outputs  empl_outputs.o
    0x0800d2d8   0x0800d2d8   0x00000010   Code   RO         8672    i.inv_generate_results  results_holder.o
    0x0800d2e8   0x0800d2e8   0x00000014   Code   RO         8673    i.inv_get_6axis_quaternion  results_holder.o
    0x0800d2fc   0x0800d2fc   0x0000000c   Code   RO         8674    i.inv_get_acc_state  results_holder.o
    0x0800d308   0x0800d308   0x0000000c   Code   RO         7688    i.inv_get_accel_accuracy  data_builder.o
    0x0800d314   0x0800d314   0x00000010   Code   RO         7690    i.inv_get_accel_on  data_builder.o
    0x0800d324   0x0800d324   0x00000028   Code   RO         7694    i.inv_get_accel_set  data_builder.o
    0x0800d34c   0x0800d34c   0x00000014   Code   RO         7695    i.inv_get_compass_bias  data_builder.o
    0x0800d360   0x0800d360   0x00000018   Code   RO         8678    i.inv_get_compass_correction  results_holder.o
    0x0800d378   0x0800d378   0x00000010   Code   RO         7697    i.inv_get_compass_on  data_builder.o
    0x0800d388   0x0800d388   0x0000001c   Code   RO         7704    i.inv_get_compass_soft_iron_output_data  data_builder.o
    0x0800d3a4   0x0800d3a4   0x0000000c   Code   RO         8679    i.inv_get_compass_state  results_holder.o
    0x0800d3b0   0x0800d3b0   0x00000054   Code   RO         8680    i.inv_get_gravity   results_holder.o
    0x0800d404   0x0800d404   0x00000010   Code   RO         7705    i.inv_get_gyro      data_builder.o
    0x0800d414   0x0800d414   0x0000000c   Code   RO         7706    i.inv_get_gyro_accuracy  data_builder.o
    0x0800d420   0x0800d420   0x00000024   Code   RO         7707    i.inv_get_gyro_bias  data_builder.o
    0x0800d444   0x0800d444   0x00000018   Code   RO         7708    i.inv_get_gyro_bias_tc_set  data_builder.o
    0x0800d45c   0x0800d45c   0x00000010   Code   RO         7709    i.inv_get_gyro_on   data_builder.o
    0x0800d46c   0x0800d46c   0x0000001a   Code   RO         8286    i.inv_get_gyro_sum_of_sqr  ml_math_func.o
    0x0800d486   0x0800d486   0x00000002   PAD
    0x0800d488   0x0800d488   0x0000000c   Code   RO         8683    i.inv_get_large_mag_field  results_holder.o
    0x0800d494   0x0800d494   0x00000048   Code   RO         7715    i.inv_get_last_timestamp  data_builder.o
    0x0800d4dc   0x0800d4dc   0x0000003a   Code   RO         8684    i.inv_get_linear_accel  results_holder.o
    0x0800d516   0x0800d516   0x00000002   PAD
    0x0800d518   0x0800d518   0x00000044   Code   RO         8685    i.inv_get_linear_accel_float  results_holder.o
    0x0800d55c   0x0800d55c   0x00000010   Code   RO         8686    i.inv_get_local_field  results_holder.o
    0x0800d56c   0x0800d56c   0x0000001c   Code   RO         7716    i.inv_get_mag_accuracy  data_builder.o
    0x0800d588   0x0800d588   0x00000010   Code   RO         8688    i.inv_get_motion_state  results_holder.o
    0x0800d598   0x0800d598   0x00000034   Code   RO         8689    i.inv_get_quaternion  results_holder.o
    0x0800d5cc   0x0800d5cc   0x00000038   Code   RO         8691    i.inv_get_quaternion_set  results_holder.o
    0x0800d604   0x0800d604   0x000001bc   Code   RO         7596    i.inv_get_sensor_type_euler  empl_outputs.o
    0x0800d7c0   0x0800d7c0   0x00000060   Code   RO         8141    i.inv_get_sensor_type_gravity  hal_outputs.o
    0x0800d820   0x0800d820   0x0000000c   Code   RO         8693    i.inv_got_compass_bias  results_holder.o
    0x0800d82c   0x0800d82c   0x0000003c   Code   RO         7719    i.inv_init_data_builder  data_builder.o
    0x0800d868   0x0800d868   0x00000078   Code   RO         8632    i.inv_init_mpl      mpl.o
    0x0800d8e0   0x0800d8e0   0x00000030   Code   RO         8694    i.inv_init_results_holder  results_holder.o
    0x0800d910   0x0800d910   0x00000014   Code   RO         8907    i.inv_init_start_manager  start_manager.o
    0x0800d924   0x0800d924   0x00000018   Code   RO         8939    i.inv_init_storage_manager  storage_manager.o
    0x0800d93c   0x0800d93c   0x00000022   Code   RO         8295    i.inv_orientation_matrix_to_scalar  ml_math_func.o
    0x0800d95e   0x0800d95e   0x0000000c   Code   RO         8296    i.inv_q29_mult      ml_math_func.o
    0x0800d96a   0x0800d96a   0x0000000c   Code   RO         8298    i.inv_q30_mult      ml_math_func.o
    0x0800d976   0x0800d976   0x00000024   Code   RO         8300    i.inv_q_add         ml_math_func.o
    0x0800d99a   0x0800d99a   0x00000042   Code   RO         8301    i.inv_q_addf        ml_math_func.o
    0x0800d9dc   0x0800d9dc   0x00000018   Code   RO         8302    i.inv_q_invert      ml_math_func.o
    0x0800d9f4   0x0800d9f4   0x0000002e   Code   RO         8303    i.inv_q_invertf     ml_math_func.o
    0x0800da22   0x0800da22   0x000000b0   Code   RO         8304    i.inv_q_mult        ml_math_func.o
    0x0800dad2   0x0800dad2   0x000000d2   Code   RO         8305    i.inv_q_multf       ml_math_func.o
    0x0800dba4   0x0800dba4   0x00000084   Code   RO         8306    i.inv_q_norm4       ml_math_func.o
    0x0800dc28   0x0800dc28   0x000000b0   Code   RO         8308    i.inv_q_normalizef  ml_math_func.o
    0x0800dcd8   0x0800dcd8   0x0000003e   Code   RO         8309    i.inv_q_rotate      ml_math_func.o
    0x0800dd16   0x0800dd16   0x000000da   Code   RO         8311    i.inv_quaternion_to_rotation  ml_math_func.o
    0x0800ddf0   0x0800ddf0   0x000000a4   Code   RO         7722    i.inv_register_data_cb  data_builder.o
    0x0800de94   0x0800de94   0x0000006c   Code   RO         8941    i.inv_register_load_store  storage_manager.o
    0x0800df00   0x0800df00   0x00000020   Code   RO         8908    i.inv_register_mpl_start_notification  start_manager.o
    0x0800df20   0x0800df20   0x00000054   Code   RO         7723    i.inv_reset_compass_soft_iron_matrix  data_builder.o
    0x0800df74   0x0800df74   0x00000048   Code   RO         8313    i.inv_row_2_scale   ml_math_func.o
    0x0800dfbc   0x0800dfbc   0x0000001c   Code   RO         7724    i.inv_set_accel_accuracy  data_builder.o
    0x0800dfd8   0x0800dfd8   0x0000000c   Code   RO         8697    i.inv_set_accel_bias_found  results_holder.o
    0x0800dfe4   0x0800dfe4   0x00000050   Code   RO         7727    i.inv_set_accel_bias_mask  data_builder.o
    0x0800e034   0x0800e034   0x0000000c   Code   RO         7728    i.inv_set_accel_orientation_and_scale  data_builder.o
    0x0800e040   0x0800e040   0x0000002c   Code   RO         7729    i.inv_set_accel_sample_rate  data_builder.o
    0x0800e06c   0x0800e06c   0x00000048   Code   RO         7731    i.inv_set_compass_bias  data_builder.o
    0x0800e0b4   0x0800e0b4   0x00000010   Code   RO         8698    i.inv_set_compass_bias_error  results_holder.o
    0x0800e0c4   0x0800e0c4   0x0000000c   Code   RO         8699    i.inv_set_compass_bias_found  results_holder.o
    0x0800e0d0   0x0800e0d0   0x00000020   Code   RO         8700    i.inv_set_compass_correction  results_holder.o
    0x0800e0f0   0x0800e0f0   0x0000000c   Code   RO         7732    i.inv_set_compass_disturbance  data_builder.o
    0x0800e0fc   0x0800e0fc   0x00000010   Code   RO         7733    i.inv_set_compass_orientation_and_scale  data_builder.o
    0x0800e10c   0x0800e10c   0x0000002c   Code   RO         7734    i.inv_set_compass_sample_rate  data_builder.o
    0x0800e138   0x0800e138   0x00000050   Code   RO         7735    i.inv_set_compass_soft_iron_input_data  data_builder.o
    0x0800e188   0x0800e188   0x0000000c   Code   RO         8701    i.inv_set_compass_state  results_holder.o
    0x0800e194   0x0800e194   0x00000080   Code   RO         7738    i.inv_set_contiguous  data_builder.o
    0x0800e214   0x0800e214   0x0000005c   Code   RO         7740    i.inv_set_gyro_bias  data_builder.o
    0x0800e270   0x0800e270   0x0000000c   Code   RO         7741    i.inv_set_gyro_orientation_and_scale  data_builder.o
    0x0800e27c   0x0800e27c   0x00000028   Code   RO         7742    i.inv_set_gyro_sample_rate  data_builder.o
    0x0800e2a4   0x0800e2a4   0x00000014   Code   RO         8255    i.inv_set_message   message_layer.o
    0x0800e2b8   0x0800e2b8   0x00000034   Code   RO         8706    i.inv_set_motion_state  results_holder.o
    0x0800e2ec   0x0800e2ec   0x00000010   Code   RO         7601    i.inv_start_eMPL_outputs  empl_outputs.o
    0x0800e2fc   0x0800e2fc   0x0000003c   Code   RO         8633    i.inv_start_mpl     mpl.o
    0x0800e338   0x0800e338   0x00000018   Code   RO         8707    i.inv_start_results_holder  results_holder.o
    0x0800e350   0x0800e350   0x00000020   Code   RO         8708    i.inv_store_gaming_quaternion  results_holder.o
    0x0800e370   0x0800e370   0x0000004c   Code   RO         7745    i.inv_unregister_data_cb  data_builder.o
    0x0800e3bc   0x0800e3bc   0x00000048   Code   RO         8909    i.inv_unregister_mpl_start_notification  start_manager.o
    0x0800e404   0x0800e404   0x0000008c   Code   RO           17    i.main              main.o
    0x0800e490   0x0800e490   0x0000006c   Code   RO        10435    i.malloc            mc_w.l(malloc.o)
    0x0800e4fc   0x0800e4fc   0x00000002   Code   RO         6889    i.mget_ms           inv_mpu.o
    0x0800e4fe   0x0800e4fe   0x00000032   Code   RO         8318    i.mlMatrixVectorMult  ml_math_func.o
    0x0800e530   0x0800e530   0x00000054   Code   RO         6890    i.mpu_configure_fifo  inv_mpu.o
    0x0800e584   0x0800e584   0x00000150   Code   RO         6892    i.mpu_dmp_init      inv_mpu.o
    0x0800e6d4   0x0800e6d4   0x0000003c   Code   RO         6893    i.mpu_get_accel_fsr  inv_mpu.o
    0x0800e710   0x0800e710   0x00000080   Code   RO         6897    i.mpu_get_compass_reg  inv_mpu.o
    0x0800e790   0x0800e790   0x00000034   Code   RO         6901    i.mpu_get_gyro_fsr  inv_mpu.o
    0x0800e7c4   0x0800e7c4   0x0000001c   Code   RO         6907    i.mpu_get_sample_rate  inv_mpu.o
    0x0800e7e0   0x0800e7e0   0x0000007c   Code   RO         6908    i.mpu_get_temperature  inv_mpu.o
    0x0800e85c   0x0800e85c   0x000000d8   Code   RO         6909    i.mpu_init          inv_mpu.o
    0x0800e934   0x0800e934   0x000000a0   Code   RO         6910    i.mpu_load_firmware  inv_mpu.o
    0x0800e9d4   0x0800e9d4   0x000000b8   Code   RO         6911    i.mpu_lp_accel_mode  inv_mpu.o
    0x0800ea8c   0x0800ea8c   0x000000e8   Code   RO         6913    i.mpu_mpl_get_data  inv_mpu.o
    0x0800eb74   0x0800eb74   0x00000090   Code   RO         6918    i.mpu_read_fifo_stream  inv_mpu.o
    0x0800ec04   0x0800ec04   0x00000054   Code   RO         6919    i.mpu_read_mem      inv_mpu.o
    0x0800ec58   0x0800ec58   0x00000160   Code   RO         6922    i.mpu_reset_fifo    inv_mpu.o
    0x0800edb8   0x0800edb8   0x00000068   Code   RO         6927    i.mpu_set_accel_fsr  inv_mpu.o
    0x0800ee20   0x0800ee20   0x000000dc   Code   RO         6928    i.mpu_set_bypass    inv_mpu.o
    0x0800eefc   0x0800eefc   0x0000004c   Code   RO         6929    i.mpu_set_compass_sample_rate  inv_mpu.o
    0x0800ef48   0x0800ef48   0x00000078   Code   RO         6930    i.mpu_set_dmp_state  inv_mpu.o
    0x0800efc0   0x0800efc0   0x0000006c   Code   RO         6932    i.mpu_set_gyro_fsr  inv_mpu.o
    0x0800f02c   0x0800f02c   0x00000064   Code   RO         6933    i.mpu_set_int_latched  inv_mpu.o
    0x0800f090   0x0800f090   0x0000006c   Code   RO         6935    i.mpu_set_lpf       inv_mpu.o
    0x0800f0fc   0x0800f0fc   0x00000090   Code   RO         6936    i.mpu_set_sample_rate  inv_mpu.o
    0x0800f18c   0x0800f18c   0x00000134   Code   RO         6937    i.mpu_set_sensors   inv_mpu.o
    0x0800f2c0   0x0800f2c0   0x00000054   Code   RO         6938    i.mpu_write_mem     inv_mpu.o
    0x0800f314   0x0800f314   0x00000018   Code   RO         9301    i.null_ptr_check    bmi08a.o
    0x0800f32c   0x0800f32c   0x00000018   Code   RO         9494    i.null_ptr_check    bmi08g.o
    0x0800f344   0x0800f344   0x0000001a   Code   RO         4775    i.osDelay           cmsis_os2.o
    0x0800f35e   0x0800f35e   0x00000002   PAD
    0x0800f360   0x0800f360   0x00000024   Code   RO         4789    i.osKernelInitialize  cmsis_os2.o
    0x0800f384   0x0800f384   0x00000038   Code   RO         4792    i.osKernelStart     cmsis_os2.o
    0x0800f3bc   0x0800f3bc   0x00000068   Code   RO         4815    i.osMutexNew        cmsis_os2.o
    0x0800f424   0x0800f424   0x0000008a   Code   RO         4834    i.osThreadNew       cmsis_os2.o
    0x0800f4ae   0x0800f4ae   0x00000002   PAD
    0x0800f4b0   0x0800f4b0   0x0000005c   Code   RO         4237    i.prvAddCurrentTaskToDelayedList  tasks.o
    0x0800f50c   0x0800f50c   0x000000d0   Code   RO         4238    i.prvAddNewTaskToReadyList  tasks.o
    0x0800f5dc   0x0800f5dc   0x00000058   Code   RO         4602    i.prvCheckForValidListAndQueue  timers.o
    0x0800f634   0x0800f634   0x00000026   Code   RO         3834    i.prvCopyDataFromQueue  queue.o
    0x0800f65a   0x0800f65a   0x0000006c   Code   RO         3835    i.prvCopyDataToQueue  queue.o
    0x0800f6c6   0x0800f6c6   0x00000034   Code   RO         4239    i.prvDeleteTCB      tasks.o
    0x0800f6fa   0x0800f6fa   0x00000002   PAD
    0x0800f6fc   0x0800f6fc   0x0000004c   Code   RO         5283    i.prvHeapInit       heap_4.o
    0x0800f748   0x0800f748   0x00000060   Code   RO         4240    i.prvIdleTask       tasks.o
    0x0800f7a8   0x0800f7a8   0x00000016   Code   RO         3836    i.prvInitialiseMutex  queue.o
    0x0800f7be   0x0800f7be   0x00000002   PAD
    0x0800f7c0   0x0800f7c0   0x00000022   Code   RO         3837    i.prvInitialiseNewQueue  queue.o
    0x0800f7e2   0x0800f7e2   0x00000002   PAD
    0x0800f7e4   0x0800f7e4   0x000000b0   Code   RO         4241    i.prvInitialiseNewTask  tasks.o
    0x0800f894   0x0800f894   0x0000004c   Code   RO         5284    i.prvInsertBlockIntoFreeList  heap_4.o
    0x0800f8e0   0x0800f8e0   0x00000038   Code   RO         4604    i.prvInsertTimerInActiveList  timers.o
    0x0800f918   0x0800f918   0x0000001c   Code   RO         3838    i.prvIsQueueEmpty   queue.o
    0x0800f934   0x0800f934   0x000000fc   Code   RO         4605    i.prvProcessReceivedCommands  timers.o
    0x0800fa30   0x0800fa30   0x000000c0   Code   RO         4606    i.prvProcessTimerOrBlockTask  timers.o
    0x0800faf0   0x0800faf0   0x00000020   Code   RO         4243    i.prvResetNextTaskUnblockTime  tasks.o
    0x0800fb10   0x0800fb10   0x00000028   Code   RO         4607    i.prvSampleTimeNow  timers.o
    0x0800fb38   0x0800fb38   0x0000006c   Code   RO         4608    i.prvSwitchTimerLists  timers.o
    0x0800fba4   0x0800fba4   0x00000028   Code   RO         5339    i.prvTaskExitError  port.o
    0x0800fbcc   0x0800fbcc   0x00000024   Code   RO         4609    i.prvTimerTask      timers.o
    0x0800fbf0   0x0800fbf0   0x0000006a   Code   RO         3839    i.prvUnlockQueue    queue.o
    0x0800fc5a   0x0800fc5a   0x00000002   PAD
    0x0800fc5c   0x0800fc5c   0x000000dc   Code   RO         5285    i.pvPortMalloc      heap_4.o
    0x0800fd38   0x0800fd38   0x00000018   Code   RO         4246    i.pvTaskIncrementMutexHeldCount  tasks.o
    0x0800fd50   0x0800fd50   0x0000002c   Code   RO         5340    i.pxPortInitialiseStack  port.o
    0x0800fd7c   0x0800fd7c   0x00000058   Code   RO         6940    i.set_int_enable    inv_mpu.o
    0x0800fdd4   0x0800fdd4   0x00000024   Code   RO         9303    i.set_regs          bmi08a.o
    0x0800fdf8   0x0800fdf8   0x00000024   Code   RO         9496    i.set_regs          bmi08g.o
    0x0800fe1c   0x0800fe1c   0x000001d8   Code   RO         6941    i.setup_compass     inv_mpu.o
    0x0800fff4   0x0800fff4   0x0000003e   Code   RO        10112    i.sqrtf             m_wm.l(sqrtf.o)
    0x08010032   0x08010032   0x00000002   PAD
    0x08010034   0x08010034   0x00000020   Code   RO          419    i.stm32_i2c_read    i2c.o
    0x08010054   0x08010054   0x00000028   Code   RO          420    i.stm32_i2c_write   i2c.o
    0x0801007c   0x0801007c   0x00000018   Code   RO          344    i.taskLED_Toggle    freertos.o
    0x08010094   0x08010094   0x00000094   Code   RO          345    i.taskTOF_X         freertos.o
    0x08010128   0x08010128   0x00000098   Code   RO          346    i.taskTOF_Y         freertos.o
    0x080101c0   0x080101c0   0x00000098   Code   RO          347    i.taskTOF_Z         freertos.o
    0x08010258   0x08010258   0x0000002c   Code   RO          348    i.taskUSART_Print   freertos.o
    0x08010284   0x08010284   0x00000026   Code   RO         3794    i.uxListRemove      list.o
    0x080102aa   0x080102aa   0x00000002   PAD
    0x080102ac   0x080102ac   0x00000014   Code   RO         4846    i.vApplicationGetIdleTaskMemory  cmsis_os2.o
    0x080102c0   0x080102c0   0x00000018   Code   RO         4847    i.vApplicationGetTimerTaskMemory  cmsis_os2.o
    0x080102d8   0x080102d8   0x00000016   Code   RO         3795    i.vListInitialise   list.o
    0x080102ee   0x080102ee   0x00000006   Code   RO         3796    i.vListInitialiseItem  list.o
    0x080102f4   0x080102f4   0x00000030   Code   RO         3797    i.vListInsert       list.o
    0x08010324   0x08010324   0x00000018   Code   RO         3798    i.vListInsertEnd    list.o
    0x0801033c   0x0801033c   0x00000040   Code   RO         5342    i.vPortEnterCritical  port.o
    0x0801037c   0x0801037c   0x00000028   Code   RO         5343    i.vPortExitCritical  port.o
    0x080103a4   0x080103a4   0x00000064   Code   RO         5286    i.vPortFree         heap_4.o
    0x08010408   0x08010408   0x00000024   Code   RO         5344    i.vPortSetupTimerInterrupt  port.o
    0x0801042c   0x0801042c   0x00000054   Code   RO         5345    i.vPortValidateInterruptPriority  port.o
    0x08010480   0x08010480   0x00000028   Code   RO         3845    i.vQueueAddToRegistry  queue.o
    0x080104a8   0x080104a8   0x00000044   Code   RO         3849    i.vQueueWaitForMessageRestricted  queue.o
    0x080104ec   0x080104ec   0x0000004c   Code   RO         4256    i.vTaskDelay        tasks.o
    0x08010538   0x08010538   0x00000010   Code   RO         4261    i.vTaskInternalSetTimeOutState  tasks.o
    0x08010548   0x08010548   0x0000000c   Code   RO         4262    i.vTaskMissedYield  tasks.o
    0x08010554   0x08010554   0x00000030   Code   RO         4264    i.vTaskPlaceOnEventList  tasks.o
    0x08010584   0x08010584   0x00000038   Code   RO         4265    i.vTaskPlaceOnEventListRestricted  tasks.o
    0x080105bc   0x080105bc   0x00000090   Code   RO         4267    i.vTaskPriorityDisinheritAfterTimeout  tasks.o
    0x0801064c   0x0801064c   0x00000088   Code   RO         4273    i.vTaskStartScheduler  tasks.o
    0x080106d4   0x080106d4   0x00000010   Code   RO         4275    i.vTaskSuspendAll   tasks.o
    0x080106e4   0x080106e4   0x00000064   Code   RO         4276    i.vTaskSwitchContext  tasks.o
    0x08010748   0x08010748   0x00000038   Code   RO         6842    i.vl53l0x_start_single_test  vl53l0x_gen.o
    0x08010780   0x08010780   0x000000f4   Code   RO         5346    i.xPortStartScheduler  port.o
    0x08010874   0x08010874   0x0000002c   Code   RO         5347    i.xPortSysTickHandler  port.o
    0x080108a0   0x080108a0   0x00000016   Code   RO         3852    i.xQueueCreateMutex  queue.o
    0x080108b6   0x080108b6   0x0000001a   Code   RO         3853    i.xQueueCreateMutexStatic  queue.o
    0x080108d0   0x080108d0   0x00000042   Code   RO         3854    i.xQueueGenericCreate  queue.o
    0x08010912   0x08010912   0x00000066   Code   RO         3855    i.xQueueGenericCreateStatic  queue.o
    0x08010978   0x08010978   0x00000088   Code   RO         3856    i.xQueueGenericReset  queue.o
    0x08010a00   0x08010a00   0x00000160   Code   RO         3857    i.xQueueGenericSend  queue.o
    0x08010b60   0x08010b60   0x000000be   Code   RO         3858    i.xQueueGenericSendFromISR  queue.o
    0x08010c1e   0x08010c1e   0x00000002   PAD
    0x08010c20   0x08010c20   0x00000138   Code   RO         3867    i.xQueueReceive     queue.o
    0x08010d58   0x08010d58   0x00000178   Code   RO         3869    i.xQueueSemaphoreTake  queue.o
    0x08010ed0   0x08010ed0   0x00000074   Code   RO         4278    i.xTaskCheckForTimeOut  tasks.o
    0x08010f44   0x08010f44   0x0000005a   Code   RO         4279    i.xTaskCreate       tasks.o
    0x08010f9e   0x08010f9e   0x00000056   Code   RO         4280    i.xTaskCreateStatic  tasks.o
    0x08010ff4   0x08010ff4   0x0000001c   Code   RO         4284    i.xTaskGetSchedulerState  tasks.o
    0x08011010   0x08011010   0x0000000c   Code   RO         4285    i.xTaskGetTickCount  tasks.o
    0x0801101c   0x0801101c   0x000000c8   Code   RO         4287    i.xTaskIncrementTick  tasks.o
    0x080110e4   0x080110e4   0x00000080   Code   RO         4290    i.xTaskPriorityDisinherit  tasks.o
    0x08011164   0x08011164   0x00000078   Code   RO         4291    i.xTaskPriorityInherit  tasks.o
    0x080111dc   0x080111dc   0x00000070   Code   RO         4292    i.xTaskRemoveFromEventList  tasks.o
    0x0801124c   0x0801124c   0x000000c4   Code   RO         4293    i.xTaskResumeAll    tasks.o
    0x08011310   0x08011310   0x00000060   Code   RO         4618    i.xTimerCreateTimerTask  timers.o
    0x08011370   0x08011370   0x00000068   Code   RO         4619    i.xTimerGenericCommand  timers.o
    0x080113d8   0x080113d8   0x000000c4   Data   RO          349    .constdata          freertos.o
    0x0801149c   0x0801149c   0x00000010   Data   RO         3630    .constdata          system_stm32f4xx.o
    0x080114ac   0x080114ac   0x00000008   Data   RO         3631    .constdata          system_stm32f4xx.o
    0x080114b4   0x080114b4   0x0000002a   Data   RO         6942    .constdata          inv_mpu.o
    0x080114de   0x080114de   0x0000000e   Data   RO         6943    .constdata          inv_mpu.o
    0x080114ec   0x080114ec   0x00000030   Data   RO         6944    .constdata          inv_mpu.o
    0x0801151c   0x0801151c   0x00000bf6   Data   RO         7394    .constdata          inv_mpu_dmp_motion_driver.o
    0x08012112   0x08012112   0x0000002f   Data   RO         8634    .constdata          mpl.o
    0x08012141   0x08012141   0x00000007   PAD
    0x08012148   0x08012148   0x00000038   Data   RO        10049    .constdata          m_wm.l(log.o)
    0x08012180   0x08012180   0x00000030   Data   RO        10485    .constdata          m_wm.l(cos_i.o)
    0x080121b0   0x080121b0   0x00000008   Data   RO        10521    .constdata          m_wm.l(qnan.o)
    0x080121b8   0x080121b8   0x000000c8   Data   RO        10524    .constdata          m_wm.l(rred.o)
    0x08012280   0x08012280   0x00000020   Data   RO        10528    .constdata          m_wm.l(rredf.o)
    0x080122a0   0x080122a0   0x00000028   Data   RO        10531    .constdata          m_wm.l(sin_i.o)
    0x080122c8   0x080122c8   0x00000060   Data   RO        10537    .constdata          m_wm.l(tan_i.o)
    0x08012328   0x08012328   0x0000004e   Data   RO          350    .conststring        freertos.o
    0x08012376   0x08012376   0x00000002   PAD
    0x08012378   0x08012378   0x00000009   Data   RO         6946    .conststring        inv_mpu.o
    0x08012381   0x08012381   0x00000003   PAD
    0x08012384   0x08012384   0x00000044   Data   RO         7748    .conststring        data_builder.o
    0x080123c8   0x080123c8   0x00000020   Data   RO        10587    Region$$Table       anon$$obj.o


    Execution Region RW_IRAM1 (Exec base: 0x20000000, Load base: 0x080123e8, Size: 0x00007138, Max: 0x0001c000, ABSOLUTE, COMPRESSED[0x000002e4])

    Exec Addr    Load Addr    Size         Type   Attr      Idx    E Section Name        Object

    0x20000000   COMPRESSED   0x00000028   Data   RW           19    .data               main.o
    0x20000028   COMPRESSED   0x00000018   Data   RW          351    .data               freertos.o
    0x20000040   COMPRESSED   0x0000000c   Data   RW         1606    .data               stm32f4xx_hal.o
    0x2000004c   COMPRESSED   0x00000004   Data   RW         3632    .data               system_stm32f4xx.o
    0x20000050   COMPRESSED   0x0000003c   Data   RW         4296    .data               tasks.o
    0x2000008c   COMPRESSED   0x00000014   Data   RW         4627    .data               timers.o
    0x200000a0   COMPRESSED   0x00000004   Data   RW         4849    .data               cmsis_os2.o
    0x200000a4   COMPRESSED   0x00000020   Data   RW         5292    .data               heap_4.o
    0x200000c4   COMPRESSED   0x0000000c   Data   RW         5348    .data               port.o
    0x200000d0   COMPRESSED   0x00000008   Data   RW         5447    .data               delay.o
    0x200000d8   COMPRESSED   0x000002a9   Data   RW         5586    .data               vl53l0x_api.o
    0x20000381   COMPRESSED   0x00000001   PAD
    0x20000382   COMPRESSED   0x00000006   Data   RW         6844    .data               vl53l0x_gen.o
    0x20000388   COMPRESSED   0x00000004   Data   RW         6947    .data               inv_mpu.o
    0x2000038c   COMPRESSED   0x0000004a   Data   RW         6948    .data               inv_mpu.o
    0x200003d6   COMPRESSED   0x00000002   PAD
    0x200003d8   COMPRESSED   0x00000004   Data   RW         8256    .data               message_layer.o
    0x200003dc   COMPRESSED   0x00000004   Data   RW         9055    .data               mpu9250.o
    0x200003e0   COMPRESSED   0x00000004   Data   RW         9056    .data               mpu9250.o
    0x200003e4   COMPRESSED   0x00000004   Data   RW         9057    .data               mpu9250.o
    0x200003e8   COMPRESSED   0x00000030   Data   RW         9124    .data               imu.o
    0x20000418   COMPRESSED   0x00000004   Data   RW         9128    .data               imu.o
    0x2000041c   COMPRESSED   0x00000004   Data   RW         9129    .data               imu.o
    0x20000420   COMPRESSED   0x00000004   Data   RW         9130    .data               imu.o
    0x20000424   COMPRESSED   0x00000004   PAD
    0x20000428   COMPRESSED   0x00000008   Data   RW         9131    .data               imu.o
    0x20000430   COMPRESSED   0x00000004   Data   RW         9135    .data               imu.o
    0x20000434   COMPRESSED   0x00000028   Data   RW         9634    .data               sensor.o
    0x2000045c   COMPRESSED   0x00000006   Data   RW         9635    .data               sensor.o
    0x20000462   COMPRESSED   0x00000006   Data   RW         9636    .data               sensor.o
    0x20000468   COMPRESSED   0x00000010   Data   RW         9684    .data               libmpllib.lib(compass_vec_cal.o)
    0x20000478   COMPRESSED   0x00000004   Data   RW        10556    .data               mc_w.l(stdout.o)
    0x2000047c   COMPRESSED   0x00000004   Data   RW        10561    .data               mc_w.l(mvars.o)
    0x20000480   COMPRESSED   0x00000004   Data   RW        10562    .data               mc_w.l(mvars.o)
    0x20000484   COMPRESSED   0x00000004   Data   RW        10566    .data               mc_w.l(errno.o)
    0x20000488        -       0x0000000c   Zero   RW           18    .bss                main.o
    0x20000494        -       0x00000054   Zero   RW          421    .bss                i2c.o
    0x200004e8        -       0x00000048   Zero   RW          473    .bss                tim.o
    0x20000530        -       0x00000048   Zero   RW          516    .bss                usart.o
    0x20000578        -       0x00000048   Zero   RW          663    .bss                stm32f4xx_hal_timebase_tim.o
    0x200005c0        -       0x00000040   Zero   RW         3871    .bss                queue.o
    0x20000600        -       0x000004c4   Zero   RW         4295    .bss                tasks.o
    0x20000ac4        -       0x00000118   Zero   RW         4626    .bss                timers.o
    0x20000bdc        -       0x000006b8   Zero   RW         4848    .bss                cmsis_os2.o
    0x20001294        -       0x00003c00   Zero   RW         5291    .bss                heap_4.o
    0x20004e94        -       0x00000420   Zero   RW         6728    .bss                vl53l0x.o
    0x200052b4        -       0x00000054   Zero   RW         6843    .bss                vl53l0x_gen.o
    0x20005308        -       0x00000010   Zero   RW         7393    .bss                inv_mpu_dmp_motion_driver.o
    0x20005318        -       0x00000028   Zero   RW         7602    .bss                empl_outputs.o
    0x20005340        -       0x000002d8   Zero   RW         7747    .bss                data_builder.o
    0x20005618        -       0x000000c4   Zero   RW         8151    .bss                hal_outputs.o
    0x200056dc        -       0x00000088   Zero   RW         8709    .bss                results_holder.o
    0x20005764        -       0x00000054   Zero   RW         8910    .bss                start_manager.o
    0x200057b8        -       0x00000198   Zero   RW         8943    .bss                storage_manager.o
    0x20005950        -       0x000000f0   Zero   RW         9123    .bss                imu.o
    0x20005a40        -       0x000000ac   Zero   RW         9201    .bss                position.o
    0x20005aec        -       0x0000006e   Zero   RW         9633    .bss                sensor.o
    0x20005b5a   COMPRESSED   0x00000006   PAD
    0x20005b60        -       0x00000460   Zero   RW         9683    .bss                libmpllib.lib(compass_vec_cal.o)
    0x20005fc0        -       0x000002a0   Zero   RW         9773    .bss                libmpllib.lib(fast_no_motion.o)
    0x20006260        -       0x00000138   Zero   RW         9806    .bss                libmpllib.lib(fusion_9axis.o)
    0x20006398        -       0x000001c4   Zero   RW         9828    .bss                libmpllib.lib(gyro_tc.o)
    0x2000655c        -       0x000000b8   Zero   RW         9846    .bss                libmpllib.lib(mag_disturb.o)
    0x20006614        -       0x0000006c   Zero   RW         9868    .bss                libmpllib.lib(quaternion_supervisor.o)
    0x20006680        -       0x000004b8   Zero   RW         9886    .bss                libmpllib.lib(accel_auto_cal.o)
    0x20006b38        -       0x00000200   Zero   RW            2    HEAP                startup_stm32f407xx.o
    0x20006d38        -       0x00000400   Zero   RW            1    STACK               startup_stm32f407xx.o


    Execution Region RW_IRAM2 (Exec base: 0x2001c000, Load base: 0x080126cc, Size: 0x00000000, Max: 0x00004000, ABSOLUTE)

    **** No section assigned to this execution region ****


==============================================================================

Image component sizes


      Code (inc. data)   RO Data    RW Data    ZI Data      Debug   Object Name

        24          0          0          0          0       1071   bmi088.o
       756          0          0          0          0      25324   bmi08a.o
       518          0          0          0          0       6589   bmi08g.o
       430         22          0          4       1720      63356   cmsis_os2.o
      2006        250         68          0        728      30784   data_builder.o
       108         10          0          8          0       1416   delay.o
       652         52          0          0         40       9954   empl_outputs.o
         0          0          0          0          0      19500   event_groups.o
       632        298        274         24          0      10096   freertos.o
       160         14          0          0          0       2489   gpio.o
        96          8          0          0        196       3269   hal_outputs.o
       472         24          0         32      15360       4867   heap_4.o
       240         36          0          0         84       2960   i2c.o
       580         38          0         72        240      10164   imu.o
      4118        164        113         78          0      29598   inv_mpu.o
      1990        120       3062          0         16      18077   inv_mpu_dmp_motion_driver.o
       138          0          0          0          0       3546   list.o
       152         10          0          0          0       1034   log_stm32.o
      1260        244          0         40         12     748670   main.o
        20          4          0          4          0       1142   message_layer.o
      1616         22          0          0          0      14009   ml_math_func.o
       228         78         47          0          0       5164   mpl.o
       190          0          0         12          0       2453   mpu9250.o
       612         72          0          0          0       5090   myiic.o
       786         82          0         12          0      11465   port.o
       420         64          0          0        172       5178   position.o
      2026         24          0          0         64      22106   queue.o
       726        118          0          0        136      15381   results_holder.o
       440        150          0         52        110       3003   sensor.o
       168         20          0          0         84       3308   start_manager.o
        36          8        392          0       1536        832   startup_stm32f407xx.o
       116         18          0         12          0       8702   stm32f4xx_hal.o
       182         14          0          0          0      33664   stm32f4xx_hal_cortex.o
       546         52          0          0          0       3444   stm32f4xx_hal_gpio.o
      2300         52          0          0          0      13753   stm32f4xx_hal_i2c.o
        56          4          0          0          0        862   stm32f4xx_hal_msp.o
      1408         82          0          0          0       5873   stm32f4xx_hal_rcc.o
      1072         74          0          0          0      10277   stm32f4xx_hal_tim.o
       148         28          0          0          0       2473   stm32f4xx_hal_tim_ex.o
       152         20          0          0         72       1471   stm32f4xx_hal_timebase_tim.o
       720         10          0          0          0       4832   stm32f4xx_hal_uart.o
        42         12          0          0          0       4164   stm32f4xx_it.o
       132         10          0          0        408       2477   storage_manager.o
         0          0          0          0          0        432   stream_buffer.o
        16          4         24          4          0       1115   system_stm32f4xx.o
      2372        192          0         60       1220      29413   tasks.o
       156         10          0          0         72       1686   tim.o
       972         80          0         20        280      29643   timers.o
       192         26          0          0         72       2350   usart.o
         0          0          0          0       1056       1583   vl53l0x.o
      1138         12          0        681          0      15075   vl53l0x_api.o
      1638         16          0          0          0      14207   vl53l0x_api_core.o
       168        118          0          0          0        802   vl53l0x_api_strings.o
        56          4          0          6         84       1445   vl53l0x_gen.o
       884         74          0          0          0      10478   vl53l0x_i2c.o
       144          0          0          0          0       4719   vl53l0x_platform.o

    ----------------------------------------------------------------------
     36278       2844       4024       1128      23768    1286835   Object Totals
         0          0         32          0          0          0   (incl. Generated)
        68          0         12          7          6          0   (incl. Padding)

    ----------------------------------------------------------------------

      Code (inc. data)   RO Data    RW Data    ZI Data      Debug   Library Member Name

      3140        190          0          0       1208       9672   accel_auto_cal.o
      9456        298          0         16       1120      19892   compass_vec_cal.o
      2584         42          0          0        672      13744   fast_no_motion.o
      1712         72          0          0        312       5636   fusion_9axis.o
      1220         32          0          0        452       5735   gyro_tc.o
      1472         48          0          0        184       7614   mag_disturb.o
      2452        130          0          0        108       5637   quaternion_supervisor.o
       280         46          0          0          0        176   acosf.o
       592         90          0          0          0        184   atan2f.o
       200         20          0          0          0        164   cos.o
       368         46         48          0          0        200   cos_i.o
       336         56          0          0          0        136   cosf.o
       132         36          0          0          0        496   dunder.o
        44          0          0          0          0        248   fabs.o
        48          0          0          0          0        124   fpclassify.o
        38          0          0          0          0        116   fpclassifyf.o
        44         12          0          0          0        464   funder.o
       964         92         56          0          0        316   log.o
       248          0          0          0          0        152   poly.o
         0          0          8          0          0          0   qnan.o
      1080        142        200          0          0        188   rred.o
       340         24         32          0          0        160   rredf.o
       304         24         40          0          0        208   sin_i.o
       400         56          0          0          0        212   sinf.o
       122          0          0          0          0        148   sqrt.o
       120          0          0          0          0        272   sqrtf.o
       128         20          0          0          0        144   tan.o
       848         84         96          0          0        196   tan_i.o
       380         58          0          0          0        200   tanf.o
        86          0          0          0          0          0   __dczerorl2.o
         0          0          0          0          0          0   entry.o
         0          0          0          0          0          0   entry10a.o
         0          0          0          0          0          0   entry11a.o
         8          4          0          0          0          0   entry2.o
         4          0          0          0          0          0   entry5.o
         0          0          0          0          0          0   entry7b.o
         0          0          0          0          0          0   entry8b.o
         8          4          0          0          0          0   entry9a.o
        12          6          0          4          0         68   errno.o
        30          0          0          0          0          0   handlers.o
        36          8          0          0          0         68   init.o
         0          0          0          0          0          0   iusefp.o
        98          0          0          0          0         84   ldiv.o
        30          0          0          0          0         68   llshl.o
        36          0          0          0          0         68   llsshr.o
        32          0          0          0          0         68   llushr.o
       188         20          0          0          0        160   malloc.o
        26          0          0          0          0         80   memcmp.o
        64          0          0          0          0         76   memmovea.o
        36          0          0          0          0        108   memseta.o
         0          0          0          8          0          0   mvars.o
      2304         96          0          0          0        600   printfa.o
         0          0          0          4          0          0   stdout.o
        18          0          0          0          0         68   strcpy.o
        44          0          0          0          0         80   uidiv.o
        98          0          0          0          0         92   uldiv.o
        48          0          0          0          0         68   cdcmple.o
        48          0          0          0          0         68   cdrcmple.o
        56          0          0          0          0         88   d2f.o
       334          0          0          0          0        148   dadd.o
       222          0          0          0          0        100   ddiv.o
       186          0          0          0          0        176   depilogue.o
        62          0          0          0          0         80   dfixi.o
        48          0          0          0          0         68   dfixul.o
        34          0          0          0          0         76   dflti.o
        26          0          0          0          0         76   dfltui.o
       228          0          0          0          0         96   dmul.o
       162          0          0          0          0        100   dsqrt.o
        38          0          0          0          0         68   f2d.o
       110          0          0          0          0        168   fepilogue.o
        66          0          0          0          0         76   ffixl.o
        44          0          0          0          0         92   ffltl.o

    ----------------------------------------------------------------------
     33946       1764        480         32       4056      75670   Library Totals
        24          8          0          0          0          0   (incl. Padding)

    ----------------------------------------------------------------------

      Code (inc. data)   RO Data    RW Data    ZI Data      Debug   Library Name

     22036        812          0         16       4056      67930   libmpllib.lib
      7016        806        480          0          0       4504   m_wm.l
      3158        138          0         16          0       1688   mc_w.l
      1712          0          0          0          0       1548   mf_w.l

    ----------------------------------------------------------------------
     33946       1764        480         32       4056      75670   Library Totals

    ----------------------------------------------------------------------

==============================================================================


      Code (inc. data)   RO Data    RW Data    ZI Data      Debug   

     70224       4608       4504       1160      27824    1317821   Grand Totals
     70224       4608       4504        740      27824    1317821   ELF Image Totals (compressed)
     70224       4608       4504        740          0          0   ROM Totals

==============================================================================

    Total RO  Size (Code + RO Data)                74728 (  72.98kB)
    Total RW  Size (RW Data + ZI Data)             28984 (  28.30kB)
    Total ROM Size (Code + RO Data + RW Data)      75468 (  73.70kB)

==============================================================================

