<html>
<body>
<pre>
<h1>礦ision Build Log</h1>
<h2>Tool Versions:</h2>
IDE-Version: μVision V5.34.0.0
Copyright (C) 2021 ARM Ltd and ARM Germany GmbH. All rights reserved.
License Information: 1 gyy123, 1, LIC=BUURY-I5CUT-JJ76S-LR70B-S64J6-BNQQL
 
Tool Versions:
Toolchain:       MDK-ARM Plus  Version: 5.24.1
Toolchain Path:  D:\keil5\keil5_MDK\keil5_MDK_32\ARM\ARMCC\Bin
C Compiler:      Armcc.exe V5.06 update 5 (build 528)
Assembler:       Armasm.exe V5.06 update 5 (build 528)
Linker/Locator:  ArmLink.exe V5.06 update 5 (build 528)
Library Manager: ArmAr.exe V5.06 update 5 (build 528)
Hex Converter:   FromElf.exe V5.06 update 5 (build 528)
CPU DLL:         SARMCM3.DLL V5.24.1
Dialog DLL:      DCM.DLL V1.16.0.0
Target DLL:      CMSIS_AGDI.dll V1.28.3.0
Dialog DLL:      TCM.DLL V1.32.0.0
 
<h2>Project:</h2>
D:\AAA位置标定项目\STM32F4_Test\HAL_freeRTOS\MDK-ARM\HAL_freeRTOS.uvprojx
Project File Date:  09/05/2024

<h2>Output:</h2>
*** Using Compiler 'V5.06 update 5 (build 528)', folder: 'D:\keil5\keil5_MDK\keil5_MDK_32\ARM\ARMCC\Bin'
Build target 'HAL_freeRTOS'
compiling freertos.c...
linking...
Program Size: Code=81944 RO-data=4536 RW-data=1244 ZI-data=27972  
FromELF: creating hex file...
After Build - User command #1: C:\Users\gyy\Desktop\HAL_freeRTOS\MDK-ARM\Keil5_disp_size_bar_v0.3.exe
[Keil5_disp_size_bar V0.3]: start find map file
[Keil5_disp_size_bar V0.3]: Found:D:\AAA位置标定项目\STM32F4_Test\HAL_freeRTOS\MDK-ARM\HAL_freeRTOS\HAL_freeRTOS.map
[Keil5_disp_size_bar V0.3]: found end
ram:
  112 KB   ram1:|■■■■■_______________| 25.47 % (   28.53 KB /   112.00 KB) [85472 B]
   16 KB   ram2:|____________________|  0.00 % (    0.00 KB /    16.00 KB) [16384 B]
flash:
  512 KB flash1:|■■■_________________| 16.49 % (   84.45 KB /   512.00 KB) [437808 B]
 
"HAL_freeRTOS\HAL_freeRTOS.axf" - 0 Error(s), 0 Warning(s).

<h2>Software Packages used:</h2>

Package Vendor: ARM
                https://www.keil.com/pack/ARM.CMSIS.6.1.0.pack
                ARM.CMSIS.6.1.0
                CMSIS (Common Microcontroller Software Interface Standard)
   * Component: CORE Version: 6.1.0

Package Vendor: Keil
                https://www.keil.com/pack/Keil.STM32F4xx_DFP.2.17.1.pack
                Keil.STM32F4xx_DFP.2.17.1
                STMicroelectronics STM32F4 Series Device Support, Drivers and Examples

<h2>Collection of Component include folders:</h2>
  .\RTE\_HAL_freeRTOS
  D:\keil5\keil5_MDK\keil5_MDK_32\ARM\PACK\ARM\CMSIS\6.1.0\CMSIS\Core\Include
  D:\keil5\keil5_MDK\keil5_MDK_32\ARM\PACK\Keil\STM32F4xx_DFP\2.17.1\Drivers\CMSIS\Device\ST\STM32F4xx\Include

<h2>Collection of Component Files used:</h2>

   * Component: ARM::CMSIS:CORE:6.1.0
      Include file:  CMSIS\Core\Include\tz_context.h
Build Time Elapsed:  00:00:03
</pre>
</body>
</html>
